[2026-07-28T08:25:06.540+0000] {manager.py:483} INFO - Processing files using up to 2 processes at a time 
[2026-07-28T08:25:06.542+0000] {manager.py:484} INFO - Process each file at most once every 30 seconds
[2026-07-28T08:25:06.543+0000] {manager.py:485} INFO - Checking for new files in /opt/airflow/dags every 300 seconds
[2026-07-28T08:25:06.545+0000] {manager.py:821} INFO - Searching for files in /opt/airflow/dags
[2026-07-28T08:25:06.600+0000] {manager.py:824} INFO - There are 1 files in /opt/airflow/dags
[2026-07-28T08:25:07.314+0000] {manager.py:997} INFO - 
================================================================================
DAG File Processing Stats

File Path                          PID  Runtime      # DAGs    # Errors  Last Runtime    Last Run      Last # of DB Queries
-------------------------------  -----  ---------  --------  ----------  --------------  ----------  ----------------------
/opt/airflow/dags/automation.py    171  0.04s             0           0                                                   0
================================================================================
[2026-07-28T08:25:37.704+0000] {manager.py:997} INFO - 
================================================================================
DAG File Processing Stats

File Path                          PID  Runtime      # DAGs    # Errors  Last Runtime    Last Run               Last # of DB Queries
-------------------------------  -----  ---------  --------  ----------  --------------  -------------------  ----------------------
/opt/airflow/dags/automation.py    176  0.00s             1           0  0.25s           2026-07-28T08:25:07                      10
================================================================================
[2026-07-28T08:26:08.053+0000] {manager.py:997} INFO - 
================================================================================
DAG File Processing Stats

File Path                          PID  Runtime      # DAGs    # Errors  Last Runtime    Last Run               Last # of DB Queries
-------------------------------  -----  ---------  --------  ----------  --------------  -------------------  ----------------------
/opt/airflow/dags/automation.py    184  0.01s             1           0  0.14s           2026-07-28T08:25:37                      10
================================================================================
[2026-07-28T08:26:38.505+0000] {manager.py:997} INFO - 
================================================================================
DAG File Processing Stats

File Path                          PID  Runtime      # DAGs    # Errors  Last Runtime    Last Run               Last # of DB Queries
-------------------------------  -----  ---------  --------  ----------  --------------  -------------------  ----------------------
/opt/airflow/dags/automation.py    189  0.00s             1           0  0.16s           2026-07-28T08:26:08                      10
================================================================================
[2026-07-28T08:27:08.857+0000] {manager.py:997} INFO - 
================================================================================
DAG File Processing Stats

File Path                          PID  Runtime      # DAGs    # Errors  Last Runtime    Last Run               Last # of DB Queries
-------------------------------  -----  ---------  --------  ----------  --------------  -------------------  ----------------------
/opt/airflow/dags/automation.py    194  0.00s             1           0  0.13s           2026-07-28T08:26:38                      10
================================================================================
[2026-07-28T08:27:39.237+0000] {manager.py:997} INFO - 
================================================================================
DAG File Processing Stats

File Path                          PID  Runtime      # DAGs    # Errors  Last Runtime    Last Run               Last # of DB Queries
-------------------------------  -----  ---------  --------  ----------  --------------  -------------------  ----------------------
/opt/airflow/dags/automation.py    199  0.00s             1           0  0.12s           2026-07-28T08:27:08                      10
================================================================================
[2026-07-28T08:28:09.656+0000] {manager.py:997} INFO - 
================================================================================
DAG File Processing Stats

File Path                        PID    Runtime      # DAGs    # Errors  Last Runtime    Last Run               Last # of DB Queries
-------------------------------  -----  ---------  --------  ----------  --------------  -------------------  ----------------------
/opt/airflow/dags/automation.py                           1           0  0.14s           2026-07-28T08:28:01                      10
================================================================================
[2026-07-28T08:28:40.075+0000] {manager.py:997} INFO - 
================================================================================
DAG File Processing Stats

File Path                        PID    Runtime      # DAGs    # Errors  Last Runtime    Last Run               Last # of DB Queries
-------------------------------  -----  ---------  --------  ----------  --------------  -------------------  ----------------------
/opt/airflow/dags/automation.py                           1           0  0.12s           2026-07-28T08:28:32                      10
================================================================================
[2026-07-28T08:29:10.521+0000] {manager.py:997} INFO - 
================================================================================
DAG File Processing Stats

File Path                        PID    Runtime      # DAGs    # Errors  Last Runtime    Last Run               Last # of DB Queries
-------------------------------  -----  ---------  --------  ----------  --------------  -------------------  ----------------------
/opt/airflow/dags/automation.py                           1           0  0.11s           2026-07-28T08:29:02                      10
================================================================================
[2026-07-28T08:29:40.968+0000] {manager.py:997} INFO - 
================================================================================
DAG File Processing Stats

File Path                        PID    Runtime      # DAGs    # Errors  Last Runtime    Last Run               Last # of DB Queries
-------------------------------  -----  ---------  --------  ----------  --------------  -------------------  ----------------------
/opt/airflow/dags/automation.py                           1           0  0.12s           2026-07-28T08:29:32                      10
================================================================================
[2026-07-28T08:30:07.312+0000] {manager.py:821} INFO - Searching for files in /opt/airflow/dags
[2026-07-28T08:30:07.335+0000] {manager.py:824} INFO - There are 1 files in /opt/airflow/dags
[2026-07-28T08:30:11.370+0000] {manager.py:997} INFO - 
================================================================================
DAG File Processing Stats

File Path                        PID    Runtime      # DAGs    # Errors  Last Runtime    Last Run               Last # of DB Queries
-------------------------------  -----  ---------  --------  ----------  --------------  -------------------  ----------------------
/opt/airflow/dags/automation.py                           1           0  0.11s           2026-07-28T08:30:03                      10
================================================================================
[2026-07-28T08:30:41.767+0000] {manager.py:997} INFO - 
================================================================================
DAG File Processing Stats

File Path                        PID    Runtime      # DAGs    # Errors  Last Runtime    Last Run               Last # of DB Queries
-------------------------------  -----  ---------  --------  ----------  --------------  -------------------  ----------------------
/opt/airflow/dags/automation.py                           1           0  0.11s           2026-07-28T08:30:33                      10
================================================================================
[2026-07-28T08:30:46.784+0000] {manager.py:465} INFO - Exiting gracefully upon receiving signal 15
[2026-07-28T08:31:06.257+0000] {manager.py:483} INFO - Processing files using up to 2 processes at a time 
[2026-07-28T08:31:06.259+0000] {manager.py:484} INFO - Process each file at most once every 30 seconds
[2026-07-28T08:31:06.260+0000] {manager.py:485} INFO - Checking for new files in /opt/airflow/dags every 300 seconds
[2026-07-28T08:31:06.261+0000] {manager.py:821} INFO - Searching for files in /opt/airflow/dags
[2026-07-28T08:31:06.300+0000] {manager.py:824} INFO - There are 1 files in /opt/airflow/dags
[2026-07-28T08:31:06.805+0000] {manager.py:997} INFO - 
================================================================================
DAG File Processing Stats

File Path                          PID  Runtime      # DAGs    # Errors  Last Runtime    Last Run      Last # of DB Queries
-------------------------------  -----  ---------  --------  ----------  --------------  ----------  ----------------------
/opt/airflow/dags/automation.py    170  0.03s             0           0                                                   0
================================================================================
[2026-07-28T08:31:37.173+0000] {manager.py:997} INFO - 
================================================================================
DAG File Processing Stats

File Path                          PID  Runtime      # DAGs    # Errors  Last Runtime    Last Run               Last # of DB Queries
-------------------------------  -----  ---------  --------  ----------  --------------  -------------------  ----------------------
/opt/airflow/dags/automation.py    178  0.01s             1           0  0.19s           2026-07-28T08:31:06                      10
================================================================================
[2026-07-28T08:32:07.720+0000] {manager.py:997} INFO - 
================================================================================
DAG File Processing Stats

File Path                          PID  Runtime      # DAGs    # Errors  Last Runtime    Last Run               Last # of DB Queries
-------------------------------  -----  ---------  --------  ----------  --------------  -------------------  ----------------------
/opt/airflow/dags/automation.py    183  0.01s             1           0  0.21s           2026-07-28T08:31:37                      10
================================================================================
[2026-07-28T08:32:38.149+0000] {manager.py:997} INFO - 
================================================================================
DAG File Processing Stats

File Path                          PID  Runtime      # DAGs    # Errors  Last Runtime    Last Run               Last # of DB Queries
-------------------------------  -----  ---------  --------  ----------  --------------  -------------------  ----------------------
/opt/airflow/dags/automation.py    188  0.01s             1           0  0.17s           2026-07-28T08:32:07                      10
================================================================================
[2026-07-28T08:33:08.635+0000] {manager.py:997} INFO - 
================================================================================
DAG File Processing Stats

File Path                          PID  Runtime      # DAGs    # Errors  Last Runtime    Last Run               Last # of DB Queries
-------------------------------  -----  ---------  --------  ----------  --------------  -------------------  ----------------------
/opt/airflow/dags/automation.py    193  0.00s             1           0  0.11s           2026-07-28T08:32:38                      10
================================================================================
[2026-07-28T08:33:39.089+0000] {manager.py:997} INFO - 
================================================================================
DAG File Processing Stats

File Path                        PID    Runtime      # DAGs    # Errors  Last Runtime    Last Run               Last # of DB Queries
-------------------------------  -----  ---------  --------  ----------  --------------  -------------------  ----------------------
/opt/airflow/dags/automation.py                           1           0  0.34s           2026-07-28T08:33:20                      32
================================================================================
[2026-07-28T08:34:09.492+0000] {manager.py:997} INFO - 
================================================================================
DAG File Processing Stats

File Path                        PID    Runtime      # DAGs    # Errors  Last Runtime    Last Run               Last # of DB Queries
-------------------------------  -----  ---------  --------  ----------  --------------  -------------------  ----------------------
/opt/airflow/dags/automation.py                           1           0  0.11s           2026-07-28T08:33:50                      10
================================================================================
[2026-07-28T08:34:39.944+0000] {manager.py:997} INFO - 
================================================================================
DAG File Processing Stats

File Path                        PID    Runtime      # DAGs    # Errors  Last Runtime    Last Run               Last # of DB Queries
-------------------------------  -----  ---------  --------  ----------  --------------  -------------------  ----------------------
/opt/airflow/dags/automation.py                           1           0  0.25s           2026-07-28T08:34:17                      32
================================================================================
[2026-07-28T08:35:10.336+0000] {manager.py:997} INFO - 
================================================================================
DAG File Processing Stats

File Path                        PID    Runtime      # DAGs    # Errors  Last Runtime    Last Run               Last # of DB Queries
-------------------------------  -----  ---------  --------  ----------  --------------  -------------------  ----------------------
/opt/airflow/dags/automation.py                           1           0  0.11s           2026-07-28T08:34:48                      10
================================================================================
[2026-07-28T08:35:12.075+0000] {manager.py:465} INFO - Exiting gracefully upon receiving signal 15
[2026-07-28T08:35:40.151+0000] {manager.py:483} INFO - Processing files using up to 2 processes at a time 
[2026-07-28T08:35:40.152+0000] {manager.py:484} INFO - Process each file at most once every 30 seconds
[2026-07-28T08:35:40.154+0000] {manager.py:485} INFO - Checking for new files in /opt/airflow/dags every 300 seconds
[2026-07-28T08:35:40.155+0000] {manager.py:821} INFO - Searching for files in /opt/airflow/dags
[2026-07-28T08:35:40.208+0000] {manager.py:824} INFO - There are 1 files in /opt/airflow/dags
[2026-07-28T08:35:41.032+0000] {manager.py:997} INFO - 
================================================================================
DAG File Processing Stats

File Path                          PID  Runtime      # DAGs    # Errors  Last Runtime    Last Run      Last # of DB Queries
-------------------------------  -----  ---------  --------  ----------  --------------  ----------  ----------------------
/opt/airflow/dags/automation.py    171  0.05s             0           0                                                   0
================================================================================
[2026-07-28T08:36:11.676+0000] {manager.py:997} INFO - 
================================================================================
DAG File Processing Stats

File Path                        PID    Runtime      # DAGs    # Errors  Last Runtime    Last Run               Last # of DB Queries
-------------------------------  -----  ---------  --------  ----------  --------------  -------------------  ----------------------
/opt/airflow/dags/automation.py                           1           0  0.27s           2026-07-28T08:35:50                      10
================================================================================
[2026-07-28T08:36:42.072+0000] {manager.py:997} INFO - 
================================================================================
DAG File Processing Stats

File Path                        PID    Runtime      # DAGs    # Errors  Last Runtime    Last Run               Last # of DB Queries
-------------------------------  -----  ---------  --------  ----------  --------------  -------------------  ----------------------
/opt/airflow/dags/automation.py                           1           0  0.13s           2026-07-28T08:36:20                      10
================================================================================
[2026-07-28T08:37:12.510+0000] {manager.py:997} INFO - 
================================================================================
DAG File Processing Stats

File Path                        PID    Runtime      # DAGs    # Errors  Last Runtime    Last Run               Last # of DB Queries
-------------------------------  -----  ---------  --------  ----------  --------------  -------------------  ----------------------
/opt/airflow/dags/automation.py                           1           0  0.11s           2026-07-28T08:36:51                      10
================================================================================
[2026-07-28T08:37:42.918+0000] {manager.py:997} INFO - 
================================================================================
DAG File Processing Stats

File Path                        PID    Runtime      # DAGs    # Errors  Last Runtime    Last Run               Last # of DB Queries
-------------------------------  -----  ---------  --------  ----------  --------------  -------------------  ----------------------
/opt/airflow/dags/automation.py                           1           0  0.10s           2026-07-28T08:37:21                      10
================================================================================
[2026-07-28T08:38:13.352+0000] {manager.py:997} INFO - 
================================================================================
DAG File Processing Stats

File Path                        PID    Runtime      # DAGs    # Errors  Last Runtime    Last Run               Last # of DB Queries
-------------------------------  -----  ---------  --------  ----------  --------------  -------------------  ----------------------
/opt/airflow/dags/automation.py                           1           0  0.09s           2026-07-28T08:37:52                      10
================================================================================
[2026-07-28T08:38:43.728+0000] {manager.py:997} INFO - 
================================================================================
DAG File Processing Stats

File Path                        PID    Runtime      # DAGs    # Errors  Last Runtime    Last Run               Last # of DB Queries
-------------------------------  -----  ---------  --------  ----------  --------------  -------------------  ----------------------
/opt/airflow/dags/automation.py                           1           0  0.15s           2026-07-28T08:38:22                      10
================================================================================
[2026-07-28T08:39:14.208+0000] {manager.py:997} INFO - 
================================================================================
DAG File Processing Stats

File Path                        PID    Runtime      # DAGs    # Errors  Last Runtime    Last Run               Last # of DB Queries
-------------------------------  -----  ---------  --------  ----------  --------------  -------------------  ----------------------
/opt/airflow/dags/automation.py                           1           0  0.12s           2026-07-28T08:38:52                      10
================================================================================
[2026-07-28T08:39:44.599+0000] {manager.py:997} INFO - 
================================================================================
DAG File Processing Stats

File Path                        PID    Runtime      # DAGs    # Errors  Last Runtime    Last Run               Last # of DB Queries
-------------------------------  -----  ---------  --------  ----------  --------------  -------------------  ----------------------
/opt/airflow/dags/automation.py                           1           0  0.18s           2026-07-28T08:39:23                      10
================================================================================
[2026-07-28T08:40:15.092+0000] {manager.py:997} INFO - 
================================================================================
DAG File Processing Stats

File Path                        PID    Runtime      # DAGs    # Errors  Last Runtime    Last Run               Last # of DB Queries
-------------------------------  -----  ---------  --------  ----------  --------------  -------------------  ----------------------
/opt/airflow/dags/automation.py                           1           0  0.30s           2026-07-28T08:40:12                      32
================================================================================
[2026-07-28T08:40:40.422+0000] {manager.py:821} INFO - Searching for files in /opt/airflow/dags
[2026-07-28T08:40:40.442+0000] {manager.py:824} INFO - There are 1 files in /opt/airflow/dags
[2026-07-28T08:40:45.506+0000] {manager.py:997} INFO - 
================================================================================
DAG File Processing Stats

File Path                        PID    Runtime      # DAGs    # Errors  Last Runtime    Last Run               Last # of DB Queries
-------------------------------  -----  ---------  --------  ----------  --------------  -------------------  ----------------------
/opt/airflow/dags/automation.py                           1           0  0.14s           2026-07-28T08:40:42                      10
================================================================================
[2026-07-28T08:40:56.617+0000] {manager.py:465} INFO - Exiting gracefully upon receiving signal 15
[2026-07-28T08:42:21.846+0000] {manager.py:483} INFO - Processing files using up to 2 processes at a time 
[2026-07-28T08:42:21.847+0000] {manager.py:484} INFO - Process each file at most once every 30 seconds
[2026-07-28T08:42:21.848+0000] {manager.py:485} INFO - Checking for new files in /opt/airflow/dags every 300 seconds
[2026-07-28T08:42:21.849+0000] {manager.py:821} INFO - Searching for files in /opt/airflow/dags
[2026-07-28T08:42:21.868+0000] {manager.py:824} INFO - There are 1 files in /opt/airflow/dags
[2026-07-28T08:42:22.405+0000] {manager.py:997} INFO - 
================================================================================
DAG File Processing Stats

File Path                          PID  Runtime      # DAGs    # Errors  Last Runtime    Last Run      Last # of DB Queries
-------------------------------  -----  ---------  --------  ----------  --------------  ----------  ----------------------
/opt/airflow/dags/automation.py    170  0.05s             0           0                                                   0
================================================================================
[2026-07-28T08:42:52.751+0000] {manager.py:997} INFO - 
================================================================================
DAG File Processing Stats

File Path                        PID    Runtime      # DAGs    # Errors  Last Runtime    Last Run               Last # of DB Queries
-------------------------------  -----  ---------  --------  ----------  --------------  -------------------  ----------------------
/opt/airflow/dags/automation.py                           1           0  0.73s           2026-07-28T08:42:23                      43
================================================================================
[2026-07-28T08:43:22.921+0000] {manager.py:997} INFO - 
================================================================================
DAG File Processing Stats

File Path                        PID    Runtime      # DAGs    # Errors  Last Runtime    Last Run               Last # of DB Queries
-------------------------------  -----  ---------  --------  ----------  --------------  -------------------  ----------------------
/opt/airflow/dags/automation.py                           1           0  0.11s           2026-07-28T08:42:53                      10
================================================================================
[2026-07-28T08:43:53.321+0000] {manager.py:997} INFO - 
================================================================================
DAG File Processing Stats

File Path                        PID    Runtime      # DAGs    # Errors  Last Runtime    Last Run               Last # of DB Queries
-------------------------------  -----  ---------  --------  ----------  --------------  -------------------  ----------------------
/opt/airflow/dags/automation.py                           1           0  0.23s           2026-07-28T08:43:24                      10
================================================================================
[2026-07-28T08:44:23.876+0000] {manager.py:997} INFO - 
================================================================================
DAG File Processing Stats

File Path                        PID    Runtime      # DAGs    # Errors  Last Runtime    Last Run               Last # of DB Queries
-------------------------------  -----  ---------  --------  ----------  --------------  -------------------  ----------------------
/opt/airflow/dags/automation.py                           1           0  0.12s           2026-07-28T08:43:54                      10
================================================================================
[2026-07-28T08:44:54.281+0000] {manager.py:997} INFO - 
================================================================================
DAG File Processing Stats

File Path                        PID    Runtime      # DAGs    # Errors  Last Runtime    Last Run               Last # of DB Queries
-------------------------------  -----  ---------  --------  ----------  --------------  -------------------  ----------------------
/opt/airflow/dags/automation.py                           1           0  0.11s           2026-07-28T08:44:25                      10
================================================================================
[2026-07-28T08:45:24.772+0000] {manager.py:997} INFO - 
================================================================================
DAG File Processing Stats

File Path                        PID    Runtime      # DAGs    # Errors  Last Runtime    Last Run               Last # of DB Queries
-------------------------------  -----  ---------  --------  ----------  --------------  -------------------  ----------------------
/opt/airflow/dags/automation.py                           1           0  0.10s           2026-07-28T08:44:55                      10
================================================================================
[2026-07-28T08:45:55.183+0000] {manager.py:997} INFO - 
================================================================================
DAG File Processing Stats

File Path                        PID    Runtime      # DAGs    # Errors  Last Runtime    Last Run               Last # of DB Queries
-------------------------------  -----  ---------  --------  ----------  --------------  -------------------  ----------------------
/opt/airflow/dags/automation.py                           1           0  0.10s           2026-07-28T08:45:25                      10
================================================================================
[2026-07-28T08:46:25.593+0000] {manager.py:997} INFO - 
================================================================================
DAG File Processing Stats

File Path                        PID    Runtime      # DAGs    # Errors  Last Runtime    Last Run               Last # of DB Queries
-------------------------------  -----  ---------  --------  ----------  --------------  -------------------  ----------------------
/opt/airflow/dags/automation.py                           1           0  0.11s           2026-07-28T08:45:56                      10
================================================================================
[2026-07-28T08:46:56.046+0000] {manager.py:997} INFO - 
================================================================================
DAG File Processing Stats

File Path                        PID    Runtime      # DAGs    # Errors  Last Runtime    Last Run               Last # of DB Queries
-------------------------------  -----  ---------  --------  ----------  --------------  -------------------  ----------------------
/opt/airflow/dags/automation.py                           1           0  0.10s           2026-07-28T08:46:26                      10
================================================================================
[2026-07-28T08:47:22.383+0000] {manager.py:821} INFO - Searching for files in /opt/airflow/dags
[2026-07-28T08:47:22.407+0000] {manager.py:824} INFO - There are 1 files in /opt/airflow/dags
[2026-07-28T08:47:26.451+0000] {manager.py:997} INFO - 
================================================================================
DAG File Processing Stats

File Path                        PID    Runtime      # DAGs    # Errors  Last Runtime    Last Run               Last # of DB Queries
-------------------------------  -----  ---------  --------  ----------  --------------  -------------------  ----------------------
/opt/airflow/dags/automation.py                           1           0  0.11s           2026-07-28T08:46:57                      10
================================================================================
[2026-07-28T08:47:56.949+0000] {manager.py:997} INFO - 
================================================================================
DAG File Processing Stats

File Path                        PID    Runtime      # DAGs    # Errors  Last Runtime    Last Run               Last # of DB Queries
-------------------------------  -----  ---------  --------  ----------  --------------  -------------------  ----------------------
/opt/airflow/dags/automation.py                           1           0  0.12s           2026-07-28T08:47:27                      10
================================================================================
[2026-07-28T08:48:27.352+0000] {manager.py:997} INFO - 
================================================================================
DAG File Processing Stats

File Path                        PID    Runtime      # DAGs    # Errors  Last Runtime    Last Run               Last # of DB Queries
-------------------------------  -----  ---------  --------  ----------  --------------  -------------------  ----------------------
/opt/airflow/dags/automation.py                           1           0  0.11s           2026-07-28T08:47:58                      10
================================================================================
[2026-07-28T08:48:57.862+0000] {manager.py:997} INFO - 
================================================================================
DAG File Processing Stats

File Path                        PID    Runtime      # DAGs    # Errors  Last Runtime    Last Run               Last # of DB Queries
-------------------------------  -----  ---------  --------  ----------  --------------  -------------------  ----------------------
/opt/airflow/dags/automation.py                           1           0  0.11s           2026-07-28T08:48:28                      10
================================================================================
[2026-07-28T08:49:28.286+0000] {manager.py:997} INFO - 
================================================================================
DAG File Processing Stats

File Path                        PID    Runtime      # DAGs    # Errors  Last Runtime    Last Run               Last # of DB Queries
-------------------------------  -----  ---------  --------  ----------  --------------  -------------------  ----------------------
/opt/airflow/dags/automation.py                           1           0  0.11s           2026-07-28T08:48:58                      10
================================================================================
[2026-07-28T08:49:43.981+0000] {manager.py:465} INFO - Exiting gracefully upon receiving signal 15
[2026-07-28T08:51:36.002+0000] {manager.py:483} INFO - Processing files using up to 2 processes at a time 
[2026-07-28T08:51:36.003+0000] {manager.py:484} INFO - Process each file at most once every 30 seconds
[2026-07-28T08:51:36.004+0000] {manager.py:485} INFO - Checking for new files in /opt/airflow/dags every 300 seconds
[2026-07-28T08:51:36.005+0000] {manager.py:821} INFO - Searching for files in /opt/airflow/dags
[2026-07-28T08:51:36.023+0000] {manager.py:824} INFO - There are 1 files in /opt/airflow/dags
[2026-07-28T08:51:36.515+0000] {manager.py:997} INFO - 
================================================================================
DAG File Processing Stats

File Path                          PID  Runtime      # DAGs    # Errors  Last Runtime    Last Run      Last # of DB Queries
-------------------------------  -----  ---------  --------  ----------  --------------  ----------  ----------------------
/opt/airflow/dags/automation.py    171  0.03s             0           0                                                   0
================================================================================
[2026-07-28T08:52:06.880+0000] {manager.py:997} INFO - 
================================================================================
DAG File Processing Stats

File Path                        PID    Runtime      # DAGs    # Errors  Last Runtime    Last Run               Last # of DB Queries
-------------------------------  -----  ---------  --------  ----------  --------------  -------------------  ----------------------
/opt/airflow/dags/automation.py                           1           0  0.56s           2026-07-28T08:51:37                      43
================================================================================
[2026-07-28T08:52:37.899+0000] {manager.py:997} INFO - 
================================================================================
DAG File Processing Stats

File Path                          PID  Runtime      # DAGs    # Errors  Last Runtime    Last Run               Last # of DB Queries
-------------------------------  -----  ---------  --------  ----------  --------------  -------------------  ----------------------
/opt/airflow/dags/automation.py    184  0.01s             1           0  0.12s           2026-07-28T08:52:07                      10
================================================================================
[2026-07-28T08:53:08.325+0000] {manager.py:997} INFO - 
================================================================================
DAG File Processing Stats

File Path                          PID  Runtime      # DAGs    # Errors  Last Runtime    Last Run               Last # of DB Queries
-------------------------------  -----  ---------  --------  ----------  --------------  -------------------  ----------------------
/opt/airflow/dags/automation.py    189  0.01s             1           0  0.11s           2026-07-28T08:52:37                      10
================================================================================
[2026-07-28T08:53:38.751+0000] {manager.py:997} INFO - 
================================================================================
DAG File Processing Stats

File Path                          PID  Runtime      # DAGs    # Errors  Last Runtime    Last Run               Last # of DB Queries
-------------------------------  -----  ---------  --------  ----------  --------------  -------------------  ----------------------
/opt/airflow/dags/automation.py    194  0.00s             1           0  0.13s           2026-07-28T08:53:08                      10
================================================================================
[2026-07-28T08:54:09.242+0000] {manager.py:997} INFO - 
================================================================================
DAG File Processing Stats

File Path                          PID  Runtime      # DAGs    # Errors  Last Runtime    Last Run               Last # of DB Queries
-------------------------------  -----  ---------  --------  ----------  --------------  -------------------  ----------------------
/opt/airflow/dags/automation.py    199  0.00s             1           0  0.09s           2026-07-28T08:53:38                      10
================================================================================
[2026-07-28T08:54:39.700+0000] {manager.py:997} INFO - 
================================================================================
DAG File Processing Stats

File Path                          PID  Runtime      # DAGs    # Errors  Last Runtime    Last Run               Last # of DB Queries
-------------------------------  -----  ---------  --------  ----------  --------------  -------------------  ----------------------
/opt/airflow/dags/automation.py    204  0.00s             1           0  0.11s           2026-07-28T08:54:09                      10
================================================================================
[2026-07-28T08:55:10.231+0000] {manager.py:997} INFO - 
================================================================================
DAG File Processing Stats

File Path                          PID  Runtime      # DAGs    # Errors  Last Runtime    Last Run               Last # of DB Queries
-------------------------------  -----  ---------  --------  ----------  --------------  -------------------  ----------------------
/opt/airflow/dags/automation.py    209  0.00s             1           0  0.11s           2026-07-28T08:54:39                      10
================================================================================
[2026-07-28T08:55:40.694+0000] {manager.py:997} INFO - 
================================================================================
DAG File Processing Stats

File Path                          PID  Runtime      # DAGs    # Errors  Last Runtime    Last Run               Last # of DB Queries
-------------------------------  -----  ---------  --------  ----------  --------------  -------------------  ----------------------
/opt/airflow/dags/automation.py    214  0.01s             1           0  0.15s           2026-07-28T08:55:10                      10
================================================================================
[2026-07-28T08:56:11.271+0000] {manager.py:997} INFO - 
================================================================================
DAG File Processing Stats

File Path                          PID  Runtime      # DAGs    # Errors  Last Runtime    Last Run               Last # of DB Queries
-------------------------------  -----  ---------  --------  ----------  --------------  -------------------  ----------------------
/opt/airflow/dags/automation.py    219  0.01s             1           0  0.11s           2026-07-28T08:55:40                      10
================================================================================
[2026-07-28T08:56:36.509+0000] {manager.py:821} INFO - Searching for files in /opt/airflow/dags
[2026-07-28T08:56:36.721+0000] {manager.py:824} INFO - There are 1 files in /opt/airflow/dags
[2026-07-28T08:56:41.820+0000] {manager.py:997} INFO - 
================================================================================
DAG File Processing Stats

File Path                          PID  Runtime      # DAGs    # Errors  Last Runtime    Last Run               Last # of DB Queries
-------------------------------  -----  ---------  --------  ----------  --------------  -------------------  ----------------------
/opt/airflow/dags/automation.py    224  0.01s             1           0  0.12s           2026-07-28T08:56:11                      10
================================================================================
[2026-07-28T08:57:12.364+0000] {manager.py:997} INFO - 
================================================================================
DAG File Processing Stats

File Path                          PID  Runtime      # DAGs    # Errors  Last Runtime    Last Run               Last # of DB Queries
-------------------------------  -----  ---------  --------  ----------  --------------  -------------------  ----------------------
/opt/airflow/dags/automation.py    229  0.00s             1           0  0.12s           2026-07-28T08:56:41                      10
================================================================================
[2026-07-28T08:57:42.883+0000] {manager.py:997} INFO - 
================================================================================
DAG File Processing Stats

File Path                          PID  Runtime      # DAGs    # Errors  Last Runtime    Last Run               Last # of DB Queries
-------------------------------  -----  ---------  --------  ----------  --------------  -------------------  ----------------------
/opt/airflow/dags/automation.py    234  0.01s             1           0  0.12s           2026-07-28T08:57:12                      10
================================================================================
[2026-07-28T08:58:13.412+0000] {manager.py:997} INFO - 
================================================================================
DAG File Processing Stats

File Path                          PID  Runtime      # DAGs    # Errors  Last Runtime    Last Run               Last # of DB Queries
-------------------------------  -----  ---------  --------  ----------  --------------  -------------------  ----------------------
/opt/airflow/dags/automation.py    239  0.00s             1           0  0.14s           2026-07-28T08:57:43                      10
================================================================================
[2026-07-28T08:58:43.929+0000] {manager.py:997} INFO - 
================================================================================
DAG File Processing Stats

File Path                          PID  Runtime      # DAGs    # Errors  Last Runtime    Last Run               Last # of DB Queries
-------------------------------  -----  ---------  --------  ----------  --------------  -------------------  ----------------------
/opt/airflow/dags/automation.py    244  0.01s             1           0  0.11s           2026-07-28T08:58:13                      10
================================================================================
[2026-07-28T08:59:14.493+0000] {manager.py:997} INFO - 
================================================================================
DAG File Processing Stats

File Path                          PID  Runtime      # DAGs    # Errors  Last Runtime    Last Run               Last # of DB Queries
-------------------------------  -----  ---------  --------  ----------  --------------  -------------------  ----------------------
/opt/airflow/dags/automation.py    249  0.00s             1           0  0.11s           2026-07-28T08:58:44                      10
================================================================================
[2026-07-28T08:59:44.970+0000] {manager.py:997} INFO - 
================================================================================
DAG File Processing Stats

File Path                          PID  Runtime      # DAGs    # Errors  Last Runtime    Last Run               Last # of DB Queries
-------------------------------  -----  ---------  --------  ----------  --------------  -------------------  ----------------------
/opt/airflow/dags/automation.py    254  0.01s             1           0  0.37s           2026-07-28T08:59:14                      10
================================================================================
[2026-07-28T09:00:15.485+0000] {manager.py:997} INFO - 
================================================================================
DAG File Processing Stats

File Path                          PID  Runtime      # DAGs    # Errors  Last Runtime    Last Run               Last # of DB Queries
-------------------------------  -----  ---------  --------  ----------  --------------  -------------------  ----------------------
/opt/airflow/dags/automation.py    259  0.00s             1           0  0.12s           2026-07-28T08:59:45                      10
================================================================================
[2026-07-28T09:00:45.999+0000] {manager.py:997} INFO - 
================================================================================
DAG File Processing Stats

File Path                          PID  Runtime      # DAGs    # Errors  Last Runtime    Last Run               Last # of DB Queries
-------------------------------  -----  ---------  --------  ----------  --------------  -------------------  ----------------------
/opt/airflow/dags/automation.py    264  0.00s             1           0  0.11s           2026-07-28T09:00:15                      10
================================================================================
[2026-07-28T09:01:16.515+0000] {manager.py:997} INFO - 
================================================================================
DAG File Processing Stats

File Path                          PID  Runtime      # DAGs    # Errors  Last Runtime    Last Run               Last # of DB Queries
-------------------------------  -----  ---------  --------  ----------  --------------  -------------------  ----------------------
/opt/airflow/dags/automation.py    269  0.01s             1           0  0.15s           2026-07-28T09:00:46                      10
================================================================================
[2026-07-28T09:01:36.836+0000] {manager.py:821} INFO - Searching for files in /opt/airflow/dags
[2026-07-28T09:01:36.857+0000] {manager.py:824} INFO - There are 1 files in /opt/airflow/dags
[2026-07-28T09:01:47.141+0000] {manager.py:997} INFO - 
================================================================================
DAG File Processing Stats

File Path                          PID  Runtime      # DAGs    # Errors  Last Runtime    Last Run               Last # of DB Queries
-------------------------------  -----  ---------  --------  ----------  --------------  -------------------  ----------------------
/opt/airflow/dags/automation.py    274  0.01s             1           0  0.15s           2026-07-28T09:01:16                      10
================================================================================
[2026-07-28T09:02:17.735+0000] {manager.py:997} INFO - 
================================================================================
DAG File Processing Stats

File Path                          PID  Runtime      # DAGs    # Errors  Last Runtime    Last Run               Last # of DB Queries
-------------------------------  -----  ---------  --------  ----------  --------------  -------------------  ----------------------
/opt/airflow/dags/automation.py    279  0.01s             1           0  0.12s           2026-07-28T09:01:47                      10
================================================================================
[2026-07-28T09:02:48.184+0000] {manager.py:997} INFO - 
================================================================================
DAG File Processing Stats

File Path                          PID  Runtime      # DAGs    # Errors  Last Runtime    Last Run               Last # of DB Queries
-------------------------------  -----  ---------  --------  ----------  --------------  -------------------  ----------------------
/opt/airflow/dags/automation.py    284  0.01s             1           0  0.12s           2026-07-28T09:02:17                      10
================================================================================
[2026-07-28T09:03:18.713+0000] {manager.py:997} INFO - 
================================================================================
DAG File Processing Stats

File Path                          PID  Runtime      # DAGs    # Errors  Last Runtime    Last Run               Last # of DB Queries
-------------------------------  -----  ---------  --------  ----------  --------------  -------------------  ----------------------
/opt/airflow/dags/automation.py    289  0.01s             1           0  0.23s           2026-07-28T09:02:48                      10
================================================================================
[2026-07-28T09:03:49.248+0000] {manager.py:997} INFO - 
================================================================================
DAG File Processing Stats

File Path                          PID  Runtime      # DAGs    # Errors  Last Runtime    Last Run               Last # of DB Queries
-------------------------------  -----  ---------  --------  ----------  --------------  -------------------  ----------------------
/opt/airflow/dags/automation.py    294  0.01s             1           0  0.14s           2026-07-28T09:03:18                      10
================================================================================
[2026-07-28T09:04:20.045+0000] {manager.py:997} INFO - 
================================================================================
DAG File Processing Stats

File Path                          PID  Runtime      # DAGs    # Errors  Last Runtime    Last Run               Last # of DB Queries
-------------------------------  -----  ---------  --------  ----------  --------------  -------------------  ----------------------
/opt/airflow/dags/automation.py    299  0.00s             1           0  0.17s           2026-07-28T09:03:49                      10
================================================================================
[2026-07-28T09:04:50.532+0000] {manager.py:997} INFO - 
================================================================================
DAG File Processing Stats

File Path                          PID  Runtime      # DAGs    # Errors  Last Runtime    Last Run               Last # of DB Queries
-------------------------------  -----  ---------  --------  ----------  --------------  -------------------  ----------------------
/opt/airflow/dags/automation.py    304  0.00s             1           0  0.12s           2026-07-28T09:04:20                      10
================================================================================
[2026-07-28T09:05:21.078+0000] {manager.py:997} INFO - 
================================================================================
DAG File Processing Stats

File Path                          PID  Runtime      # DAGs    # Errors  Last Runtime    Last Run               Last # of DB Queries
-------------------------------  -----  ---------  --------  ----------  --------------  -------------------  ----------------------
/opt/airflow/dags/automation.py    309  0.01s             1           0  0.09s           2026-07-28T09:04:50                      10
================================================================================
[2026-07-28T09:05:51.695+0000] {manager.py:997} INFO - 
================================================================================
DAG File Processing Stats

File Path                          PID  Runtime      # DAGs    # Errors  Last Runtime    Last Run               Last # of DB Queries
-------------------------------  -----  ---------  --------  ----------  --------------  -------------------  ----------------------
/opt/airflow/dags/automation.py    314  0.00s             1           0  0.12s           2026-07-28T09:05:21                      10
================================================================================
[2026-07-28T09:06:22.174+0000] {manager.py:997} INFO - 
================================================================================
DAG File Processing Stats

File Path                          PID  Runtime      # DAGs    # Errors  Last Runtime    Last Run               Last # of DB Queries
-------------------------------  -----  ---------  --------  ----------  --------------  -------------------  ----------------------
/opt/airflow/dags/automation.py    319  0.01s             1           0  0.12s           2026-07-28T09:05:51                      10
================================================================================
[2026-07-28T09:06:37.436+0000] {manager.py:821} INFO - Searching for files in /opt/airflow/dags
[2026-07-28T09:06:37.480+0000] {manager.py:824} INFO - There are 1 files in /opt/airflow/dags
[2026-07-28T09:06:52.839+0000] {manager.py:997} INFO - 
================================================================================
DAG File Processing Stats

File Path                          PID  Runtime      # DAGs    # Errors  Last Runtime    Last Run               Last # of DB Queries
-------------------------------  -----  ---------  --------  ----------  --------------  -------------------  ----------------------
/opt/airflow/dags/automation.py    324  0.01s             1           0  0.13s           2026-07-28T09:06:22                      10
================================================================================
[2026-07-28T09:07:23.317+0000] {manager.py:997} INFO - 
================================================================================
DAG File Processing Stats

File Path                          PID  Runtime      # DAGs    # Errors  Last Runtime    Last Run               Last # of DB Queries
-------------------------------  -----  ---------  --------  ----------  --------------  -------------------  ----------------------
/opt/airflow/dags/automation.py    329  0.01s             1           0  0.13s           2026-07-28T09:06:52                      10
================================================================================
[2026-07-28T09:07:53.871+0000] {manager.py:997} INFO - 
================================================================================
DAG File Processing Stats

File Path                          PID  Runtime      # DAGs    # Errors  Last Runtime    Last Run               Last # of DB Queries
-------------------------------  -----  ---------  --------  ----------  --------------  -------------------  ----------------------
/opt/airflow/dags/automation.py    334  0.00s             1           0  0.10s           2026-07-28T09:07:23                      10
================================================================================
[2026-07-28T09:08:24.402+0000] {manager.py:997} INFO - 
================================================================================
DAG File Processing Stats

File Path                          PID  Runtime      # DAGs    # Errors  Last Runtime    Last Run               Last # of DB Queries
-------------------------------  -----  ---------  --------  ----------  --------------  -------------------  ----------------------
/opt/airflow/dags/automation.py    339  0.01s             1           0  0.12s           2026-07-28T09:07:53                      10
================================================================================
[2026-07-28T09:08:54.982+0000] {manager.py:997} INFO - 
================================================================================
DAG File Processing Stats

File Path                          PID  Runtime      # DAGs    # Errors  Last Runtime    Last Run               Last # of DB Queries
-------------------------------  -----  ---------  --------  ----------  --------------  -------------------  ----------------------
/opt/airflow/dags/automation.py    344  0.01s             1           0  0.13s           2026-07-28T09:08:24                      10
================================================================================
[2026-07-28T09:09:25.515+0000] {manager.py:997} INFO - 
================================================================================
DAG File Processing Stats

File Path                          PID  Runtime      # DAGs    # Errors  Last Runtime    Last Run               Last # of DB Queries
-------------------------------  -----  ---------  --------  ----------  --------------  -------------------  ----------------------
/opt/airflow/dags/automation.py    349  0.01s             1           0  0.12s           2026-07-28T09:08:55                      10
================================================================================
[2026-07-28T09:09:56.020+0000] {manager.py:997} INFO - 
================================================================================
DAG File Processing Stats

File Path                          PID  Runtime      # DAGs    # Errors  Last Runtime    Last Run               Last # of DB Queries
-------------------------------  -----  ---------  --------  ----------  --------------  -------------------  ----------------------
/opt/airflow/dags/automation.py    354  0.00s             1           0  0.11s           2026-07-28T09:09:25                      10
================================================================================
[2026-07-28T09:10:26.576+0000] {manager.py:997} INFO - 
================================================================================
DAG File Processing Stats

File Path                          PID  Runtime      # DAGs    # Errors  Last Runtime    Last Run               Last # of DB Queries
-------------------------------  -----  ---------  --------  ----------  --------------  -------------------  ----------------------
/opt/airflow/dags/automation.py    359  0.01s             1           0  0.11s           2026-07-28T09:09:56                      10
================================================================================
[2026-07-28T09:10:57.122+0000] {manager.py:997} INFO - 
================================================================================
DAG File Processing Stats

File Path                          PID  Runtime      # DAGs    # Errors  Last Runtime    Last Run               Last # of DB Queries
-------------------------------  -----  ---------  --------  ----------  --------------  -------------------  ----------------------
/opt/airflow/dags/automation.py    364  0.00s             1           0  0.11s           2026-07-28T09:10:26                      10
================================================================================
[2026-07-28T09:11:27.673+0000] {manager.py:997} INFO - 
================================================================================
DAG File Processing Stats

File Path                          PID  Runtime      # DAGs    # Errors  Last Runtime    Last Run               Last # of DB Queries
-------------------------------  -----  ---------  --------  ----------  --------------  -------------------  ----------------------
/opt/airflow/dags/automation.py    369  0.00s             1           0  0.11s           2026-07-28T09:10:57                      10
================================================================================
[2026-07-28T09:11:37.778+0000] {manager.py:821} INFO - Searching for files in /opt/airflow/dags
[2026-07-28T09:11:37.811+0000] {manager.py:824} INFO - There are 1 files in /opt/airflow/dags
[2026-07-28T09:11:58.180+0000] {manager.py:997} INFO - 
================================================================================
DAG File Processing Stats

File Path                          PID  Runtime      # DAGs    # Errors  Last Runtime    Last Run               Last # of DB Queries
-------------------------------  -----  ---------  --------  ----------  --------------  -------------------  ----------------------
/opt/airflow/dags/automation.py    374  0.00s             1           0  0.12s           2026-07-28T09:11:27                      10
================================================================================
[2026-07-28T09:12:28.699+0000] {manager.py:997} INFO - 
================================================================================
DAG File Processing Stats

File Path                          PID  Runtime      # DAGs    # Errors  Last Runtime    Last Run               Last # of DB Queries
-------------------------------  -----  ---------  --------  ----------  --------------  -------------------  ----------------------
/opt/airflow/dags/automation.py    379  0.00s             1           0  0.11s           2026-07-28T09:11:58                      10
================================================================================
[2026-07-28T09:12:59.244+0000] {manager.py:997} INFO - 
================================================================================
DAG File Processing Stats

File Path                          PID  Runtime      # DAGs    # Errors  Last Runtime    Last Run               Last # of DB Queries
-------------------------------  -----  ---------  --------  ----------  --------------  -------------------  ----------------------
/opt/airflow/dags/automation.py    384  0.00s             1           0  0.11s           2026-07-28T09:12:28                      10
================================================================================
[2026-07-28T09:13:29.706+0000] {manager.py:997} INFO - 
================================================================================
DAG File Processing Stats

File Path                          PID  Runtime      # DAGs    # Errors  Last Runtime    Last Run               Last # of DB Queries
-------------------------------  -----  ---------  --------  ----------  --------------  -------------------  ----------------------
/opt/airflow/dags/automation.py    389  0.00s             1           0  0.11s           2026-07-28T09:12:59                      10
================================================================================
[2026-07-28T09:14:00.318+0000] {manager.py:997} INFO - 
================================================================================
DAG File Processing Stats

File Path                          PID  Runtime      # DAGs    # Errors  Last Runtime    Last Run               Last # of DB Queries
-------------------------------  -----  ---------  --------  ----------  --------------  -------------------  ----------------------
/opt/airflow/dags/automation.py    394  0.00s             1           0  0.12s           2026-07-28T09:13:29                      10
================================================================================
[2026-07-28T09:14:31.552+0000] {manager.py:997} INFO - 
================================================================================
DAG File Processing Stats

File Path                        PID    Runtime      # DAGs    # Errors  Last Runtime    Last Run               Last # of DB Queries
-------------------------------  -----  ---------  --------  ----------  --------------  -------------------  ----------------------
/opt/airflow/dags/automation.py                           1           0  0.12s           2026-07-28T09:14:30                      10
================================================================================
[2026-07-28T09:15:01.836+0000] {manager.py:997} INFO - 
================================================================================
DAG File Processing Stats

File Path                        PID    Runtime      # DAGs    # Errors  Last Runtime    Last Run               Last # of DB Queries
-------------------------------  -----  ---------  --------  ----------  --------------  -------------------  ----------------------
/opt/airflow/dags/automation.py                           1           0  0.10s           2026-07-28T09:15:00                      10
================================================================================
[2026-07-28T09:15:32.348+0000] {manager.py:997} INFO - 
================================================================================
DAG File Processing Stats

File Path                        PID    Runtime      # DAGs    # Errors  Last Runtime    Last Run               Last # of DB Queries
-------------------------------  -----  ---------  --------  ----------  --------------  -------------------  ----------------------
/opt/airflow/dags/automation.py                           1           0  0.10s           2026-07-28T09:15:31                      10
================================================================================
[2026-07-28T09:16:02.854+0000] {manager.py:997} INFO - 
================================================================================
DAG File Processing Stats

File Path                        PID    Runtime      # DAGs    # Errors  Last Runtime    Last Run               Last # of DB Queries
-------------------------------  -----  ---------  --------  ----------  --------------  -------------------  ----------------------
/opt/airflow/dags/automation.py                           1           0  0.11s           2026-07-28T09:16:01                      10
================================================================================
[2026-07-28T09:16:33.376+0000] {manager.py:997} INFO - 
================================================================================
DAG File Processing Stats

File Path                        PID    Runtime      # DAGs    # Errors  Last Runtime    Last Run               Last # of DB Queries
-------------------------------  -----  ---------  --------  ----------  --------------  -------------------  ----------------------
/opt/airflow/dags/automation.py                           1           0  0.12s           2026-07-28T09:16:32                      10
================================================================================
[2026-07-28T09:16:38.424+0000] {manager.py:821} INFO - Searching for files in /opt/airflow/dags
[2026-07-28T09:16:38.464+0000] {manager.py:824} INFO - There are 1 files in /opt/airflow/dags
[2026-07-28T09:17:04.600+0000] {manager.py:997} INFO - 
================================================================================
DAG File Processing Stats

File Path                        PID    Runtime      # DAGs    # Errors  Last Runtime    Last Run               Last # of DB Queries
-------------------------------  -----  ---------  --------  ----------  --------------  -------------------  ----------------------
/opt/airflow/dags/automation.py                           1           0  0.14s           2026-07-28T09:17:02                      10
================================================================================
[2026-07-28T09:17:34.855+0000] {manager.py:997} INFO - 
================================================================================
DAG File Processing Stats

File Path                        PID    Runtime      # DAGs    # Errors  Last Runtime    Last Run               Last # of DB Queries
-------------------------------  -----  ---------  --------  ----------  --------------  -------------------  ----------------------
/opt/airflow/dags/automation.py                           1           0  0.12s           2026-07-28T09:17:32                      10
================================================================================
[2026-07-28T09:18:05.366+0000] {manager.py:997} INFO - 
================================================================================
DAG File Processing Stats

File Path                        PID    Runtime      # DAGs    # Errors  Last Runtime    Last Run               Last # of DB Queries
-------------------------------  -----  ---------  --------  ----------  --------------  -------------------  ----------------------
/opt/airflow/dags/automation.py                           1           0  0.11s           2026-07-28T09:18:03                      10
================================================================================
[2026-07-28T09:18:35.913+0000] {manager.py:997} INFO - 
================================================================================
DAG File Processing Stats

File Path                        PID    Runtime      # DAGs    # Errors  Last Runtime    Last Run               Last # of DB Queries
-------------------------------  -----  ---------  --------  ----------  --------------  -------------------  ----------------------
/opt/airflow/dags/automation.py                           1           0  0.15s           2026-07-28T09:18:34                      10
================================================================================
[2026-07-28T09:19:06.468+0000] {manager.py:997} INFO - 
================================================================================
DAG File Processing Stats

File Path                        PID    Runtime      # DAGs    # Errors  Last Runtime    Last Run               Last # of DB Queries
-------------------------------  -----  ---------  --------  ----------  --------------  -------------------  ----------------------
/opt/airflow/dags/automation.py                           1           0  0.15s           2026-07-28T09:19:04                      10
================================================================================
[2026-07-28T09:19:37.344+0000] {manager.py:997} INFO - 
================================================================================
DAG File Processing Stats

File Path                        PID    Runtime      # DAGs    # Errors  Last Runtime    Last Run               Last # of DB Queries
-------------------------------  -----  ---------  --------  ----------  --------------  -------------------  ----------------------
/opt/airflow/dags/automation.py                           1           0  0.10s           2026-07-28T09:19:35                      10
================================================================================
[2026-07-28T09:20:07.907+0000] {manager.py:997} INFO - 
================================================================================
DAG File Processing Stats

File Path                        PID    Runtime      # DAGs    # Errors  Last Runtime    Last Run               Last # of DB Queries
-------------------------------  -----  ---------  --------  ----------  --------------  -------------------  ----------------------
/opt/airflow/dags/automation.py                           1           0  0.16s           2026-07-28T09:20:05                      10
================================================================================
[2026-07-28T09:20:38.459+0000] {manager.py:997} INFO - 
================================================================================
DAG File Processing Stats

File Path                        PID    Runtime      # DAGs    # Errors  Last Runtime    Last Run               Last # of DB Queries
-------------------------------  -----  ---------  --------  ----------  --------------  -------------------  ----------------------
/opt/airflow/dags/automation.py                           1           0  0.11s           2026-07-28T09:20:36                      10
================================================================================
[2026-07-28T09:21:09.345+0000] {manager.py:997} INFO - 
================================================================================
DAG File Processing Stats

File Path                        PID    Runtime      # DAGs    # Errors  Last Runtime    Last Run               Last # of DB Queries
-------------------------------  -----  ---------  --------  ----------  --------------  -------------------  ----------------------
/opt/airflow/dags/automation.py                           1           0  0.11s           2026-07-28T09:21:07                      10
================================================================================
[2026-07-28T09:21:38.911+0000] {manager.py:821} INFO - Searching for files in /opt/airflow/dags
[2026-07-28T09:21:38.933+0000] {manager.py:824} INFO - There are 1 files in /opt/airflow/dags
[2026-07-28T09:21:39.984+0000] {manager.py:997} INFO - 
================================================================================
DAG File Processing Stats

File Path                        PID    Runtime      # DAGs    # Errors  Last Runtime    Last Run               Last # of DB Queries
-------------------------------  -----  ---------  --------  ----------  --------------  -------------------  ----------------------
/opt/airflow/dags/automation.py                           1           0  0.13s           2026-07-28T09:21:38                      10
================================================================================
[2026-07-28T09:22:10.898+0000] {manager.py:997} INFO - 
================================================================================
DAG File Processing Stats

File Path                        PID    Runtime      # DAGs    # Errors  Last Runtime    Last Run               Last # of DB Queries
-------------------------------  -----  ---------  --------  ----------  --------------  -------------------  ----------------------
/opt/airflow/dags/automation.py                           1           0  0.12s           2026-07-28T09:22:08                      10
================================================================================
[2026-07-28T09:22:41.937+0000] {manager.py:997} INFO - 
================================================================================
DAG File Processing Stats

File Path                        PID    Runtime      # DAGs    # Errors  Last Runtime    Last Run               Last # of DB Queries
-------------------------------  -----  ---------  --------  ----------  --------------  -------------------  ----------------------
/opt/airflow/dags/automation.py                           1           0  0.11s           2026-07-28T09:22:40                      10
================================================================================
[2026-07-28T09:23:12.894+0000] {manager.py:997} INFO - 
================================================================================
DAG File Processing Stats

File Path                        PID    Runtime      # DAGs    # Errors  Last Runtime    Last Run               Last # of DB Queries
-------------------------------  -----  ---------  --------  ----------  --------------  -------------------  ----------------------
/opt/airflow/dags/automation.py                           1           0  0.11s           2026-07-28T09:23:10                      10
================================================================================
[2026-07-28T09:23:43.891+0000] {manager.py:997} INFO - 
================================================================================
DAG File Processing Stats

File Path                        PID    Runtime      # DAGs    # Errors  Last Runtime    Last Run               Last # of DB Queries
-------------------------------  -----  ---------  --------  ----------  --------------  -------------------  ----------------------
/opt/airflow/dags/automation.py                           1           0  0.09s           2026-07-28T09:23:41                      10
================================================================================
[2026-07-28T09:24:14.821+0000] {manager.py:997} INFO - 
================================================================================
DAG File Processing Stats

File Path                        PID    Runtime      # DAGs    # Errors  Last Runtime    Last Run               Last # of DB Queries
-------------------------------  -----  ---------  --------  ----------  --------------  -------------------  ----------------------
/opt/airflow/dags/automation.py                           1           0  0.11s           2026-07-28T09:24:12                      10
================================================================================
[2026-07-28T09:24:46.012+0000] {manager.py:997} INFO - 
================================================================================
DAG File Processing Stats

File Path                        PID    Runtime      # DAGs    # Errors  Last Runtime    Last Run               Last # of DB Queries
-------------------------------  -----  ---------  --------  ----------  --------------  -------------------  ----------------------
/opt/airflow/dags/automation.py                           1           0  0.10s           2026-07-28T09:24:43                      10
================================================================================
[2026-07-28T09:25:16.293+0000] {manager.py:997} INFO - 
================================================================================
DAG File Processing Stats

File Path                        PID    Runtime      # DAGs    # Errors  Last Runtime    Last Run               Last # of DB Queries
-------------------------------  -----  ---------  --------  ----------  --------------  -------------------  ----------------------
/opt/airflow/dags/automation.py                           1           0  0.11s           2026-07-28T09:25:13                      10
================================================================================
[2026-07-28T09:25:47.299+0000] {manager.py:997} INFO - 
================================================================================
DAG File Processing Stats

File Path                        PID    Runtime      # DAGs    # Errors  Last Runtime    Last Run               Last # of DB Queries
-------------------------------  -----  ---------  --------  ----------  --------------  -------------------  ----------------------
/opt/airflow/dags/automation.py                           1           0  0.10s           2026-07-28T09:25:44                      10
================================================================================
[2026-07-28T09:26:18.243+0000] {manager.py:997} INFO - 
================================================================================
DAG File Processing Stats

File Path                        PID    Runtime      # DAGs    # Errors  Last Runtime    Last Run               Last # of DB Queries
-------------------------------  -----  ---------  --------  ----------  --------------  -------------------  ----------------------
/opt/airflow/dags/automation.py                           1           0  0.10s           2026-07-28T09:26:15                      10
================================================================================
[2026-07-28T09:26:39.043+0000] {manager.py:821} INFO - Searching for files in /opt/airflow/dags
[2026-07-28T09:26:39.107+0000] {manager.py:824} INFO - There are 1 files in /opt/airflow/dags
[2026-07-28T09:26:49.249+0000] {manager.py:997} INFO - 
================================================================================
DAG File Processing Stats

File Path                        PID    Runtime      # DAGs    # Errors  Last Runtime    Last Run               Last # of DB Queries
-------------------------------  -----  ---------  --------  ----------  --------------  -------------------  ----------------------
/opt/airflow/dags/automation.py                           1           0  0.10s           2026-07-28T09:26:46                      10
================================================================================
[2026-07-28T09:27:20.237+0000] {manager.py:997} INFO - 
================================================================================
DAG File Processing Stats

File Path                        PID    Runtime      # DAGs    # Errors  Last Runtime    Last Run               Last # of DB Queries
-------------------------------  -----  ---------  --------  ----------  --------------  -------------------  ----------------------
/opt/airflow/dags/automation.py                           1           0  0.11s           2026-07-28T09:27:17                      10
================================================================================
[2026-07-28T09:27:51.207+0000] {manager.py:997} INFO - 
================================================================================
DAG File Processing Stats

File Path                        PID    Runtime      # DAGs    # Errors  Last Runtime    Last Run               Last # of DB Queries
-------------------------------  -----  ---------  --------  ----------  --------------  -------------------  ----------------------
/opt/airflow/dags/automation.py                           1           0  0.12s           2026-07-28T09:27:48                      10
================================================================================
[2026-07-28T09:28:22.178+0000] {manager.py:997} INFO - 
================================================================================
DAG File Processing Stats

File Path                        PID    Runtime      # DAGs    # Errors  Last Runtime    Last Run               Last # of DB Queries
-------------------------------  -----  ---------  --------  ----------  --------------  -------------------  ----------------------
/opt/airflow/dags/automation.py                           1           0  0.19s           2026-07-28T09:28:19                      10
================================================================================
[2026-07-28T09:28:53.006+0000] {manager.py:997} INFO - 
================================================================================
DAG File Processing Stats

File Path                        PID    Runtime      # DAGs    # Errors  Last Runtime    Last Run               Last # of DB Queries
-------------------------------  -----  ---------  --------  ----------  --------------  -------------------  ----------------------
/opt/airflow/dags/automation.py                           1           0  0.12s           2026-07-28T09:28:50                      10
================================================================================
[2026-07-28T09:29:24.569+0000] {manager.py:997} INFO - 
================================================================================
DAG File Processing Stats

File Path                        PID    Runtime      # DAGs    # Errors  Last Runtime    Last Run               Last # of DB Queries
-------------------------------  -----  ---------  --------  ----------  --------------  -------------------  ----------------------
/opt/airflow/dags/automation.py                           1           0  0.13s           2026-07-28T09:29:20                      10
================================================================================
[2026-07-28T09:29:55.057+0000] {manager.py:997} INFO - 
================================================================================
DAG File Processing Stats

File Path                        PID    Runtime      # DAGs    # Errors  Last Runtime    Last Run               Last # of DB Queries
-------------------------------  -----  ---------  --------  ----------  --------------  -------------------  ----------------------
/opt/airflow/dags/automation.py                           1           0  0.11s           2026-07-28T09:29:51                      10
================================================================================
[2026-07-28T09:30:26.385+0000] {manager.py:997} INFO - 
================================================================================
DAG File Processing Stats

File Path                        PID    Runtime      # DAGs    # Errors  Last Runtime    Last Run               Last # of DB Queries
-------------------------------  -----  ---------  --------  ----------  --------------  -------------------  ----------------------
/opt/airflow/dags/automation.py                           1           0  0.12s           2026-07-28T09:30:22                      10
================================================================================
[2026-07-28T09:30:57.317+0000] {manager.py:997} INFO - 
================================================================================
DAG File Processing Stats

File Path                        PID    Runtime      # DAGs    # Errors  Last Runtime    Last Run               Last # of DB Queries
-------------------------------  -----  ---------  --------  ----------  --------------  -------------------  ----------------------
/opt/airflow/dags/automation.py                           1           0  0.12s           2026-07-28T09:30:52                      10
================================================================================
[2026-07-28T09:31:28.321+0000] {manager.py:997} INFO - 
================================================================================
DAG File Processing Stats

File Path                        PID    Runtime      # DAGs    # Errors  Last Runtime    Last Run               Last # of DB Queries
-------------------------------  -----  ---------  --------  ----------  --------------  -------------------  ----------------------
/opt/airflow/dags/automation.py                           1           0  0.11s           2026-07-28T09:31:23                      10
================================================================================
[2026-07-28T09:31:39.412+0000] {manager.py:821} INFO - Searching for files in /opt/airflow/dags
[2026-07-28T09:31:39.441+0000] {manager.py:824} INFO - There are 1 files in /opt/airflow/dags
[2026-07-28T09:31:59.195+0000] {manager.py:997} INFO - 
================================================================================
DAG File Processing Stats

File Path                        PID    Runtime      # DAGs    # Errors  Last Runtime    Last Run               Last # of DB Queries
-------------------------------  -----  ---------  --------  ----------  --------------  -------------------  ----------------------
/opt/airflow/dags/automation.py                           1           0  0.18s           2026-07-28T09:31:54                      10
================================================================================
[2026-07-28T09:32:30.201+0000] {manager.py:997} INFO - 
================================================================================
DAG File Processing Stats

File Path                        PID    Runtime      # DAGs    # Errors  Last Runtime    Last Run               Last # of DB Queries
-------------------------------  -----  ---------  --------  ----------  --------------  -------------------  ----------------------
/opt/airflow/dags/automation.py                           1           0  0.14s           2026-07-28T09:32:25                      10
================================================================================
[2026-07-28T09:33:01.152+0000] {manager.py:997} INFO - 
================================================================================
DAG File Processing Stats

File Path                        PID    Runtime      # DAGs    # Errors  Last Runtime    Last Run               Last # of DB Queries
-------------------------------  -----  ---------  --------  ----------  --------------  -------------------  ----------------------
/opt/airflow/dags/automation.py                           1           0  0.12s           2026-07-28T09:32:56                      10
================================================================================
[2026-07-28T09:33:32.049+0000] {manager.py:997} INFO - 
================================================================================
DAG File Processing Stats

File Path                        PID    Runtime      # DAGs    # Errors  Last Runtime    Last Run               Last # of DB Queries
-------------------------------  -----  ---------  --------  ----------  --------------  -------------------  ----------------------
/opt/airflow/dags/automation.py                           1           0  0.10s           2026-07-28T09:33:27                      10
================================================================================
[2026-07-28T09:34:02.936+0000] {manager.py:997} INFO - 
================================================================================
DAG File Processing Stats

File Path                        PID    Runtime      # DAGs    # Errors  Last Runtime    Last Run               Last # of DB Queries
-------------------------------  -----  ---------  --------  ----------  --------------  -------------------  ----------------------
/opt/airflow/dags/automation.py                           1           0  0.14s           2026-07-28T09:33:58                      10
================================================================================
[2026-07-28T09:34:33.921+0000] {manager.py:997} INFO - 
================================================================================
DAG File Processing Stats

File Path                        PID    Runtime      # DAGs    # Errors  Last Runtime    Last Run               Last # of DB Queries
-------------------------------  -----  ---------  --------  ----------  --------------  -------------------  ----------------------
/opt/airflow/dags/automation.py                           1           0  0.18s           2026-07-28T09:34:29                      10
================================================================================
[2026-07-28T09:35:04.880+0000] {manager.py:997} INFO - 
================================================================================
DAG File Processing Stats

File Path                        PID    Runtime      # DAGs    # Errors  Last Runtime    Last Run               Last # of DB Queries
-------------------------------  -----  ---------  --------  ----------  --------------  -------------------  ----------------------
/opt/airflow/dags/automation.py                           1           0  0.24s           2026-07-28T09:35:00                      10
================================================================================
[2026-07-28T09:35:35.767+0000] {manager.py:997} INFO - 
================================================================================
DAG File Processing Stats

File Path                        PID    Runtime      # DAGs    # Errors  Last Runtime    Last Run               Last # of DB Queries
-------------------------------  -----  ---------  --------  ----------  --------------  -------------------  ----------------------
/opt/airflow/dags/automation.py                           1           0  0.11s           2026-07-28T09:35:31                      10
================================================================================
