[2026-07-28T08:52:09.657+0000] {local_task_job_runner.py:123} INFO - ::group::Pre task execution logs
[2026-07-28T08:52:09.675+0000] {taskinstance.py:2614} INFO - Dependencies all met for dep_context=non-requeueable deps ti=<TaskInstance: dlt_loading_dag.run_dlt_loading manual__2026-07-28T08:52:08.295672+00:00 [queued]>
[2026-07-28T08:52:09.684+0000] {taskinstance.py:2614} INFO - Dependencies all met for dep_context=requeueable deps ti=<TaskInstance: dlt_loading_dag.run_dlt_loading manual__2026-07-28T08:52:08.295672+00:00 [queued]>
[2026-07-28T08:52:09.685+0000] {taskinstance.py:2867} INFO - Starting attempt 1 of 1
[2026-07-28T08:52:09.699+0000] {taskinstance.py:2890} INFO - Executing <Task(DockerOperator): run_dlt_loading> on 2026-07-28 08:52:08.295672+00:00
[2026-07-28T08:52:09.707+0000] {standard_task_runner.py:104} INFO - Running: ['***', 'tasks', 'run', 'dlt_loading_dag', 'run_dlt_loading', 'manual__2026-07-28T08:52:08.295672+00:00', '--job-id', '2', '--raw', '--subdir', 'DAGS_FOLDER/automation.py', '--cfg-path', '/tmp/tmpgtc0xofs']
[2026-07-28T08:52:09.711+0000] {standard_task_runner.py:105} INFO - Job 2: Subtask run_dlt_loading
[2026-07-28T08:52:09.711+0000] {logging_mixin.py:190} WARNING - /home/***/.local/lib/python3.12/site-packages/***/task/task_runner/standard_task_runner.py:70 DeprecationWarning: This process (pid=181) is multi-threaded, use of fork() may lead to deadlocks in the child.
[2026-07-28T08:52:09.712+0000] {standard_task_runner.py:72} INFO - Started process 182 to run task
[2026-07-28T08:52:09.765+0000] {task_command.py:467} INFO - Running <TaskInstance: dlt_loading_dag.run_dlt_loading manual__2026-07-28T08:52:08.295672+00:00 [running]> on host 0e3ae9e11aa1
[2026-07-28T08:52:09.856+0000] {taskinstance.py:3134} INFO - Exporting env vars: AIRFLOW_CTX_DAG_OWNER='***' AIRFLOW_CTX_DAG_ID='dlt_loading_dag' AIRFLOW_CTX_TASK_ID='run_dlt_loading' AIRFLOW_CTX_EXECUTION_DATE='2026-07-28T08:52:08.295672+00:00' AIRFLOW_CTX_TRY_NUMBER='1' AIRFLOW_CTX_DAG_RUN_ID='manual__2026-07-28T08:52:08.295672+00:00'
[2026-07-28T08:52:09.858+0000] {taskinstance.py:732} INFO - ::endgroup::
[2026-07-28T08:52:09.991+0000] {docker.py:345} INFO - Starting docker container from image dlt_loading:latest
[2026-07-28T08:52:14.376+0000] {docker.py:69} INFO - Pipeline csv_to_postgres load step completed in 0.13 seconds
[2026-07-28T08:52:14.377+0000] {docker.py:69} INFO - 1 load package(s) were loaded to destination postgres and into dataset staging
[2026-07-28T08:52:14.377+0000] {docker.py:69} INFO - The postgres destination used postgresql://myuserdb:***@postgres-db:5432/mydbname location to store data
[2026-07-28T08:52:14.378+0000] {docker.py:69} INFO - Load package 1785228732.6423798 is LOADED and contains no failed jobs
[2026-07-28T08:52:14.378+0000] {docker.py:69} INFO - Pipeline csv_to_postgres load step completed in 0.10 seconds
[2026-07-28T08:52:14.379+0000] {docker.py:69} INFO - 1 load package(s) were loaded to destination postgres and into dataset staging
[2026-07-28T08:52:14.379+0000] {docker.py:69} INFO - The postgres destination used postgresql://myuserdb:***@postgres-db:5432/mydbname location to store data
[2026-07-28T08:52:14.380+0000] {docker.py:69} INFO - Load package 1785228733.041711 is LOADED and contains no failed jobs
[2026-07-28T08:52:14.380+0000] {docker.py:69} INFO - Pipeline csv_to_postgres load step completed in 0.09 seconds
[2026-07-28T08:52:14.380+0000] {docker.py:69} INFO - 1 load package(s) were loaded to destination postgres and into dataset staging
[2026-07-28T08:52:14.381+0000] {docker.py:69} INFO - The postgres destination used postgresql://myuserdb:***@postgres-db:5432/mydbname location to store data
[2026-07-28T08:52:14.381+0000] {docker.py:69} INFO - Load package 1785228733.3984501 is LOADED and contains no failed jobs
[2026-07-28T08:52:14.381+0000] {docker.py:69} INFO - Pipeline csv_to_postgres load step completed in 0.11 seconds
[2026-07-28T08:52:14.382+0000] {docker.py:69} INFO - 1 load package(s) were loaded to destination postgres and into dataset staging
[2026-07-28T08:52:14.382+0000] {docker.py:69} INFO - The postgres destination used postgresql://myuserdb:***@postgres-db:5432/mydbname location to store data
[2026-07-28T08:52:14.382+0000] {docker.py:69} INFO - Load package 1785228733.6952493 is LOADED and contains no failed jobs
[2026-07-28T08:52:15.105+0000] {taskinstance.py:341} INFO - ::group::Post task execution logs
[2026-07-28T08:52:15.109+0000] {taskinstance.py:353} INFO - Marking task as SUCCESS. dag_id=dlt_loading_dag, task_id=run_dlt_loading, run_id=manual__2026-07-28T08:52:08.295672+00:00, execution_date=20260728T085208, start_date=20260728T085209, end_date=20260728T085215
[2026-07-28T08:52:15.172+0000] {local_task_job_runner.py:266} INFO - Task exited with return code 0
[2026-07-28T08:52:15.202+0000] {taskinstance.py:3901} INFO - 0 downstream tasks scheduled from follow-on schedule check
[2026-07-28T08:52:15.205+0000] {local_task_job_runner.py:245} INFO - ::endgroup::
