[2026-07-28T08:36:13.915+0000] {local_task_job_runner.py:123} INFO - ::group::Pre task execution logs
[2026-07-28T08:36:13.935+0000] {taskinstance.py:2614} INFO - Dependencies all met for dep_context=non-requeueable deps ti=<TaskInstance: dlt_loading_dag.run_dlt_loading manual__2026-07-28T08:36:12.870481+00:00 [queued]>
[2026-07-28T08:36:13.945+0000] {taskinstance.py:2614} INFO - Dependencies all met for dep_context=requeueable deps ti=<TaskInstance: dlt_loading_dag.run_dlt_loading manual__2026-07-28T08:36:12.870481+00:00 [queued]>
[2026-07-28T08:36:13.947+0000] {taskinstance.py:2867} INFO - Starting attempt 1 of 1
[2026-07-28T08:36:13.964+0000] {taskinstance.py:2890} INFO - Executing <Task(DockerOperator): run_dlt_loading> on 2026-07-28 08:36:12.870481+00:00
[2026-07-28T08:36:13.973+0000] {standard_task_runner.py:104} INFO - Running: ['***', 'tasks', 'run', 'dlt_loading_dag', 'run_dlt_loading', 'manual__2026-07-28T08:36:12.870481+00:00', '--job-id', '14', '--raw', '--subdir', 'DAGS_FOLDER/automation.py', '--cfg-path', '/tmp/tmp1q20p63d']
[2026-07-28T08:36:13.976+0000] {standard_task_runner.py:105} INFO - Job 14: Subtask run_dlt_loading
[2026-07-28T08:36:13.978+0000] {logging_mixin.py:190} WARNING - /home/***/.local/lib/python3.12/site-packages/***/task/task_runner/standard_task_runner.py:70 DeprecationWarning: This process (pid=181) is multi-threaded, use of fork() may lead to deadlocks in the child.
[2026-07-28T08:36:13.979+0000] {standard_task_runner.py:72} INFO - Started process 182 to run task
[2026-07-28T08:36:14.037+0000] {task_command.py:467} INFO - Running <TaskInstance: dlt_loading_dag.run_dlt_loading manual__2026-07-28T08:36:12.870481+00:00 [running]> on host 396476333b9b
[2026-07-28T08:36:14.139+0000] {taskinstance.py:3134} INFO - Exporting env vars: AIRFLOW_CTX_DAG_OWNER='***' AIRFLOW_CTX_DAG_ID='dlt_loading_dag' AIRFLOW_CTX_TASK_ID='run_dlt_loading' AIRFLOW_CTX_EXECUTION_DATE='2026-07-28T08:36:12.870481+00:00' AIRFLOW_CTX_TRY_NUMBER='1' AIRFLOW_CTX_DAG_RUN_ID='manual__2026-07-28T08:36:12.870481+00:00'
[2026-07-28T08:36:14.140+0000] {taskinstance.py:732} INFO - ::endgroup::
[2026-07-28T08:36:14.269+0000] {docker.py:345} INFO - Starting docker container from image dlt_loading:latest
[2026-07-28T08:36:17.215+0000] {docker.py:69} INFO - Traceback (most recent call last):
[2026-07-28T08:36:17.217+0000] {docker.py:69} INFO -   File "/usr/local/lib/python3.11/site-packages/dlt/pipeline/pipeline.py", line 832, in _sync_destination
[2026-07-28T08:36:17.219+0000] {docker.py:69} INFO -     remote_state = self._restore_state_from_destination()
[2026-07-28T08:36:17.220+0000] {docker.py:69} INFO -                    ^^^^^^^^^^^^^^^^^^^^^^^^^^^^^^^^^^^^^^
[2026-07-28T08:36:17.221+0000] {docker.py:69} INFO -   File "/usr/local/lib/python3.11/site-packages/dlt/pipeline/pipeline.py", line 1721, in _restore_state_from_destination
[2026-07-28T08:36:17.222+0000] {docker.py:69} INFO -     with self._get_destination_clients(schema)[0] as job_client:
[2026-07-28T08:36:17.222+0000] {docker.py:69} INFO -   File "/usr/local/lib/python3.11/site-packages/dlt/destinations/job_client_impl.py", line 445, in __enter__
[2026-07-28T08:36:17.223+0000] {docker.py:69} INFO -     self.sql_client.open_connection()
[2026-07-28T08:36:17.223+0000] {docker.py:69} INFO -   File "/usr/local/lib/python3.11/site-packages/dlt/destinations/impl/postgres/sql_client.py", line 49, in open_connection
[2026-07-28T08:36:17.224+0000] {docker.py:69} INFO -     self._conn = psycopg2.connect(
[2026-07-28T08:36:17.224+0000] {docker.py:69} INFO -                  ^^^^^^^^^^^^^^^^^
[2026-07-28T08:36:17.225+0000] {docker.py:69} INFO -   File "/usr/local/lib/python3.11/site-packages/psycopg2/__init__.py", line 122, in connect
[2026-07-28T08:36:17.226+0000] {docker.py:69} INFO -     conn = _connect(dsn, connection_factory=connection_factory, **kwasync)
[2026-07-28T08:36:17.226+0000] {docker.py:69} INFO -            ^^^^^^^^^^^^^^^^^^^^^^^^^^^^^^^^^^^^^^^^^^^^^^^^^^^^^^^^^^^^^^^
[2026-07-28T08:36:17.227+0000] {docker.py:69} INFO - psycopg2.OperationalError: connection to server at "postgres-db" (172.19.0.3), port 5436 failed: Connection refused
[2026-07-28T08:36:17.227+0000] {docker.py:69} INFO - 	Is the server running on that host and accepting TCP/IP connections?
[2026-07-28T08:36:17.228+0000] {docker.py:69} INFO - 
[2026-07-28T08:36:17.228+0000] {docker.py:69} INFO - 
[2026-07-28T08:36:17.229+0000] {docker.py:69} INFO - The above exception was the direct cause of the following exception:
[2026-07-28T08:36:17.229+0000] {docker.py:69} INFO - 
[2026-07-28T08:36:17.230+0000] {docker.py:69} INFO - Traceback (most recent call last):
[2026-07-28T08:36:17.230+0000] {docker.py:69} INFO -   File "/app/dlt_loading.py", line 45, in <module>
[2026-07-28T08:36:17.231+0000] {docker.py:69} INFO -     customers_load = pipeline.run(
[2026-07-28T08:36:17.231+0000] {docker.py:69} INFO -                      ^^^^^^^^^^^^^
[2026-07-28T08:36:17.232+0000] {docker.py:69} INFO -   File "/usr/local/lib/python3.11/site-packages/dlt/pipeline/pipeline.py", line 231, in _wrap
[2026-07-28T08:36:17.232+0000] {docker.py:69} INFO -     step_info = f(self, *args, **kwargs)
[2026-07-28T08:36:17.233+0000] {docker.py:69} INFO -                 ^^^^^^^^^^^^^^^^^^^^^^^^
[2026-07-28T08:36:17.233+0000] {docker.py:69} INFO -   File "/usr/local/lib/python3.11/site-packages/dlt/pipeline/pipeline.py", line 279, in _wrap
[2026-07-28T08:36:17.233+0000] {docker.py:69} INFO -     return f(self, *args, **kwargs)
[2026-07-28T08:36:17.234+0000] {docker.py:69} INFO -            ^^^^^^^^^^^^^^^^^^^^^^^^
[2026-07-28T08:36:17.234+0000] {docker.py:69} INFO -   File "/usr/local/lib/python3.11/site-packages/dlt/pipeline/pipeline.py", line 757, in run
[2026-07-28T08:36:17.235+0000] {docker.py:69} INFO -     self._sync_destination(destination, staging, dataset_name)
[2026-07-28T08:36:17.235+0000] {docker.py:69} INFO -   File "/usr/local/lib/python3.11/site-packages/dlt/pipeline/pipeline.py", line 184, in _wrap
[2026-07-28T08:36:17.236+0000] {docker.py:69} INFO -     rv = f(self, *args, **kwargs)
[2026-07-28T08:36:17.236+0000] {docker.py:69} INFO -          ^^^^^^^^^^^^^^^^^^^^^^^^
[2026-07-28T08:36:17.237+0000] {docker.py:69} INFO -   File "/usr/local/lib/python3.11/site-packages/dlt/pipeline/pipeline.py", line 938, in _sync_destination
[2026-07-28T08:36:17.237+0000] {docker.py:69} INFO -     raise PipelineStepFailed(self, "sync", None, ex, None) from ex
[2026-07-28T08:36:17.238+0000] {docker.py:69} INFO - dlt.pipeline.exceptions.PipelineStepFailed: Pipeline execution failed at `step=sync` with exception:
[2026-07-28T08:36:17.238+0000] {docker.py:69} INFO - 
[2026-07-28T08:36:17.239+0000] {docker.py:69} INFO - <class 'psycopg2.OperationalError'>
[2026-07-28T08:36:17.239+0000] {docker.py:69} INFO - connection to server at "postgres-db" (172.19.0.3), port 5436 failed: Connection refused
[2026-07-28T08:36:17.239+0000] {docker.py:69} INFO - 	Is the server running on that host and accepting TCP/IP connections?
[2026-07-28T08:36:17.989+0000] {taskinstance.py:3313} ERROR - Task failed with exception
Traceback (most recent call last):
  File "/home/airflow/.local/lib/python3.12/site-packages/airflow/models/taskinstance.py", line 768, in _execute_task
    result = _execute_callable(context=context, **execute_callable_kwargs)
             ^^^^^^^^^^^^^^^^^^^^^^^^^^^^^^^^^^^^^^^^^^^^^^^^^^^^^^^^^^^^^
  File "/home/airflow/.local/lib/python3.12/site-packages/airflow/models/taskinstance.py", line 734, in _execute_callable
    return ExecutionCallableRunner(
           ^^^^^^^^^^^^^^^^^^^^^^^^
  File "/home/airflow/.local/lib/python3.12/site-packages/airflow/utils/operator_helpers.py", line 252, in run
    return self.func(*args, **kwargs)
           ^^^^^^^^^^^^^^^^^^^^^^^^^^
  File "/home/airflow/.local/lib/python3.12/site-packages/airflow/models/baseoperator.py", line 424, in wrapper
    return func(self, *args, **kwargs)
           ^^^^^^^^^^^^^^^^^^^^^^^^^^^
  File "/home/airflow/.local/lib/python3.12/site-packages/airflow/providers/docker/operators/docker.py", line 485, in execute
    return self._run_image()
           ^^^^^^^^^^^^^^^^^
  File "/home/airflow/.local/lib/python3.12/site-packages/airflow/providers/docker/operators/docker.py", line 362, in _run_image
    return self._run_image_with_mounts(self.mounts, add_tmp_variable=False)
           ^^^^^^^^^^^^^^^^^^^^^^^^^^^^^^^^^^^^^^^^^^^^^^^^^^^^^^^^^^^^^^^^
  File "/home/airflow/.local/lib/python3.12/site-packages/airflow/providers/docker/operators/docker.py", line 419, in _run_image_with_mounts
    raise DockerContainerFailedException(f"Docker container failed: {result!r}", logs=log_lines)
airflow.providers.docker.exceptions.DockerContainerFailedException: Docker container failed: {'StatusCode': 1}
[2026-07-28T08:36:17.996+0000] {taskinstance.py:1226} INFO - Marking task as FAILED. dag_id=dlt_loading_dag, task_id=run_dlt_loading, run_id=manual__2026-07-28T08:36:12.870481+00:00, execution_date=20260728T083612, start_date=20260728T083613, end_date=20260728T083617
[2026-07-28T08:36:18.049+0000] {taskinstance.py:341} INFO - ::group::Post task execution logs
[2026-07-28T08:36:18.051+0000] {standard_task_runner.py:124} ERROR - Failed to execute job 14 for task run_dlt_loading (Docker container failed: {'StatusCode': 1}; 182)
Traceback (most recent call last):
  File "/home/airflow/.local/lib/python3.12/site-packages/airflow/task/task_runner/standard_task_runner.py", line 117, in _start_by_fork
    ret = args.func(args, dag=self.dag)
          ^^^^^^^^^^^^^^^^^^^^^^^^^^^^^
  File "/home/airflow/.local/lib/python3.12/site-packages/airflow/cli/cli_config.py", line 49, in command
    return func(*args, **kwargs)
           ^^^^^^^^^^^^^^^^^^^^^
  File "/home/airflow/.local/lib/python3.12/site-packages/airflow/utils/cli.py", line 116, in wrapper
    return f(*args, **kwargs)
           ^^^^^^^^^^^^^^^^^^
  File "/home/airflow/.local/lib/python3.12/site-packages/airflow/cli/commands/task_command.py", line 483, in task_run
    task_return_code = _run_task_by_selected_method(args, _dag, ti)
                       ^^^^^^^^^^^^^^^^^^^^^^^^^^^^^^^^^^^^^^^^^^^^
  File "/home/airflow/.local/lib/python3.12/site-packages/airflow/cli/commands/task_command.py", line 256, in _run_task_by_selected_method
    return _run_raw_task(args, ti)
           ^^^^^^^^^^^^^^^^^^^^^^^
  File "/home/airflow/.local/lib/python3.12/site-packages/airflow/cli/commands/task_command.py", line 341, in _run_raw_task
    return ti._run_raw_task(
           ^^^^^^^^^^^^^^^^^
  File "/home/airflow/.local/lib/python3.12/site-packages/airflow/utils/session.py", line 97, in wrapper
    return func(*args, session=session, **kwargs)
           ^^^^^^^^^^^^^^^^^^^^^^^^^^^^^^^^^^^^^^
  File "/home/airflow/.local/lib/python3.12/site-packages/airflow/models/taskinstance.py", line 3006, in _run_raw_task
    return _run_raw_task(
           ^^^^^^^^^^^^^^
  File "/home/airflow/.local/lib/python3.12/site-packages/airflow/models/taskinstance.py", line 274, in _run_raw_task
    TaskInstance._execute_task_with_callbacks(
  File "/home/airflow/.local/lib/python3.12/site-packages/airflow/models/taskinstance.py", line 3161, in _execute_task_with_callbacks
    result = self._execute_task(context, task_orig)
             ^^^^^^^^^^^^^^^^^^^^^^^^^^^^^^^^^^^^^^
  File "/home/airflow/.local/lib/python3.12/site-packages/airflow/models/taskinstance.py", line 3185, in _execute_task
    return _execute_task(self, context, task_orig)
           ^^^^^^^^^^^^^^^^^^^^^^^^^^^^^^^^^^^^^^^
  File "/home/airflow/.local/lib/python3.12/site-packages/airflow/models/taskinstance.py", line 768, in _execute_task
    result = _execute_callable(context=context, **execute_callable_kwargs)
             ^^^^^^^^^^^^^^^^^^^^^^^^^^^^^^^^^^^^^^^^^^^^^^^^^^^^^^^^^^^^^
  File "/home/airflow/.local/lib/python3.12/site-packages/airflow/models/taskinstance.py", line 734, in _execute_callable
    return ExecutionCallableRunner(
           ^^^^^^^^^^^^^^^^^^^^^^^^
  File "/home/airflow/.local/lib/python3.12/site-packages/airflow/utils/operator_helpers.py", line 252, in run
    return self.func(*args, **kwargs)
           ^^^^^^^^^^^^^^^^^^^^^^^^^^
  File "/home/airflow/.local/lib/python3.12/site-packages/airflow/models/baseoperator.py", line 424, in wrapper
    return func(self, *args, **kwargs)
           ^^^^^^^^^^^^^^^^^^^^^^^^^^^
  File "/home/airflow/.local/lib/python3.12/site-packages/airflow/providers/docker/operators/docker.py", line 485, in execute
    return self._run_image()
           ^^^^^^^^^^^^^^^^^
  File "/home/airflow/.local/lib/python3.12/site-packages/airflow/providers/docker/operators/docker.py", line 362, in _run_image
    return self._run_image_with_mounts(self.mounts, add_tmp_variable=False)
           ^^^^^^^^^^^^^^^^^^^^^^^^^^^^^^^^^^^^^^^^^^^^^^^^^^^^^^^^^^^^^^^^
  File "/home/airflow/.local/lib/python3.12/site-packages/airflow/providers/docker/operators/docker.py", line 419, in _run_image_with_mounts
    raise DockerContainerFailedException(f"Docker container failed: {result!r}", logs=log_lines)
airflow.providers.docker.exceptions.DockerContainerFailedException: Docker container failed: {'StatusCode': 1}
[2026-07-28T08:36:18.091+0000] {local_task_job_runner.py:266} INFO - Task exited with return code 1
[2026-07-28T08:36:18.113+0000] {taskinstance.py:3901} INFO - 0 downstream tasks scheduled from follow-on schedule check
[2026-07-28T08:36:18.116+0000] {local_task_job_runner.py:245} INFO - ::endgroup::
