[2026-07-28T08:42:59.421+0000] {local_task_job_runner.py:123} INFO - ::group::Pre task execution logs
[2026-07-28T08:42:59.444+0000] {taskinstance.py:2614} INFO - Dependencies all met for dep_context=non-requeueable deps ti=<TaskInstance: dlt_loading_dag.run_dlt_loading manual__2026-07-28T08:42:58.532888+00:00 [queued]>
[2026-07-28T08:42:59.456+0000] {taskinstance.py:2614} INFO - Dependencies all met for dep_context=requeueable deps ti=<TaskInstance: dlt_loading_dag.run_dlt_loading manual__2026-07-28T08:42:58.532888+00:00 [queued]>
[2026-07-28T08:42:59.457+0000] {taskinstance.py:2867} INFO - Starting attempt 1 of 1
[2026-07-28T08:42:59.468+0000] {taskinstance.py:2890} INFO - Executing <Task(DockerOperator): run_dlt_loading> on 2026-07-28 08:42:58.532888+00:00
[2026-07-28T08:42:59.474+0000] {standard_task_runner.py:104} INFO - Running: ['***', 'tasks', 'run', 'dlt_loading_dag', 'run_dlt_loading', 'manual__2026-07-28T08:42:58.532888+00:00', '--job-id', '2', '--raw', '--subdir', 'DAGS_FOLDER/automation.py', '--cfg-path', '/tmp/tmpd71qbhbk']
[2026-07-28T08:42:59.476+0000] {standard_task_runner.py:105} INFO - Job 2: Subtask run_dlt_loading
[2026-07-28T08:42:59.479+0000] {logging_mixin.py:190} WARNING - /home/***/.local/lib/python3.12/site-packages/***/task/task_runner/standard_task_runner.py:70 DeprecationWarning: This process (pid=180) is multi-threaded, use of fork() may lead to deadlocks in the child.
[2026-07-28T08:42:59.481+0000] {standard_task_runner.py:72} INFO - Started process 181 to run task
[2026-07-28T08:42:59.517+0000] {task_command.py:467} INFO - Running <TaskInstance: dlt_loading_dag.run_dlt_loading manual__2026-07-28T08:42:58.532888+00:00 [running]> on host 653beef4cdf4
[2026-07-28T08:42:59.588+0000] {taskinstance.py:3134} INFO - Exporting env vars: AIRFLOW_CTX_DAG_OWNER='***' AIRFLOW_CTX_DAG_ID='dlt_loading_dag' AIRFLOW_CTX_TASK_ID='run_dlt_loading' AIRFLOW_CTX_EXECUTION_DATE='2026-07-28T08:42:58.532888+00:00' AIRFLOW_CTX_TRY_NUMBER='1' AIRFLOW_CTX_DAG_RUN_ID='manual__2026-07-28T08:42:58.532888+00:00'
[2026-07-28T08:42:59.589+0000] {taskinstance.py:732} INFO - ::endgroup::
[2026-07-28T08:42:59.677+0000] {docker.py:345} INFO - Starting docker container from image dlt_loading:latest
[2026-07-28T08:43:03.218+0000] {docker.py:69} INFO - Traceback (most recent call last):
[2026-07-28T08:43:03.220+0000] {docker.py:69} INFO -   File "/usr/local/lib/python3.11/site-packages/dlt/extract/pipe_iterator.py", line 274, in _get_source_item
[2026-07-28T08:43:03.222+0000] {docker.py:69} INFO -     pipe_item = next(gen)
[2026-07-28T08:43:03.223+0000] {docker.py:69} INFO -                 ^^^^^^^^^
[2026-07-28T08:43:03.224+0000] {docker.py:69} INFO -   File "/app/dlt_loading.py", line 17, in read_customers
[2026-07-28T08:43:03.225+0000] {docker.py:69} INFO -     with open(customer_file_path, mode="r", encoding="utf-8-sig") as file:
[2026-07-28T08:43:03.228+0000] {docker.py:69} INFO -          ^^^^^^^^^^^^^^^^^^^^^^^^^^^^^^^^^^^^^^^^^^^^^^^^^^^^^^^^
[2026-07-28T08:43:03.229+0000] {docker.py:69} INFO - FileNotFoundError: [Errno 2] No such file or directory: '../data/customer.csv'
[2026-07-28T08:43:03.230+0000] {docker.py:69} INFO - 
[2026-07-28T08:43:03.231+0000] {docker.py:69} INFO - The above exception was the direct cause of the following exception:
[2026-07-28T08:43:03.232+0000] {docker.py:69} INFO - 
[2026-07-28T08:43:03.233+0000] {docker.py:69} INFO - Traceback (most recent call last):
[2026-07-28T08:43:03.234+0000] {docker.py:69} INFO -   File "/usr/local/lib/python3.11/site-packages/dlt/pipeline/pipeline.py", line 500, in extract
[2026-07-28T08:43:03.235+0000] {docker.py:69} INFO -     self._extract_source(
[2026-07-28T08:43:03.236+0000] {docker.py:69} INFO -   File "/usr/local/lib/python3.11/site-packages/dlt/pipeline/pipeline.py", line 1443, in _extract_source
[2026-07-28T08:43:03.237+0000] {docker.py:69} INFO -     load_id = extract.extract(
[2026-07-28T08:43:03.238+0000] {docker.py:69} INFO -               ^^^^^^^^^^^^^^^^
[2026-07-28T08:43:03.239+0000] {docker.py:69} INFO -   File "/usr/local/lib/python3.11/site-packages/dlt/extract/extract.py", line 600, in extract
[2026-07-28T08:43:03.240+0000] {docker.py:69} INFO -     self._extract_single_source(
[2026-07-28T08:43:03.241+0000] {docker.py:69} INFO -   File "/usr/local/lib/python3.11/site-packages/dlt/extract/extract.py", line 517, in _extract_single_source
[2026-07-28T08:43:03.242+0000] {docker.py:69} INFO -     for pipe_item in pipes:
[2026-07-28T08:43:03.242+0000] {docker.py:69} INFO -   File "/usr/local/lib/python3.11/site-packages/dlt/extract/pipe_iterator.py", line 158, in __next__
[2026-07-28T08:43:03.244+0000] {docker.py:69} INFO -     pipe_item = self._get_source_item()
[2026-07-28T08:43:03.245+0000] {docker.py:69} INFO -                 ^^^^^^^^^^^^^^^^^^^^^^^
[2026-07-28T08:43:03.246+0000] {docker.py:69} INFO -   File "/usr/local/lib/python3.11/site-packages/dlt/extract/pipe_iterator.py", line 304, in _get_source_item
[2026-07-28T08:43:03.247+0000] {docker.py:69} INFO -     raise ResourceExtractionError(pipe.name, gen, str(ex), "generator") from ex
[2026-07-28T08:43:03.247+0000] {docker.py:69} INFO - dlt.extract.exceptions.ResourceExtractionError: In processing pipe `customer`: extraction of resource `customer` in `generator` `read_customers` caused an exception: [Errno 2] No such file or directory: '../data/customer.csv'
[2026-07-28T08:43:03.248+0000] {docker.py:69} INFO - 
[2026-07-28T08:43:03.249+0000] {docker.py:69} INFO - The above exception was the direct cause of the following exception:
[2026-07-28T08:43:03.250+0000] {docker.py:69} INFO - 
[2026-07-28T08:43:03.250+0000] {docker.py:69} INFO - Traceback (most recent call last):
[2026-07-28T08:43:03.251+0000] {docker.py:69} INFO -   File "/app/dlt_loading.py", line 45, in <module>
[2026-07-28T08:43:03.252+0000] {docker.py:69} INFO -     customers_load = pipeline.run(
[2026-07-28T08:43:03.253+0000] {docker.py:69} INFO -                      ^^^^^^^^^^^^^
[2026-07-28T08:43:03.253+0000] {docker.py:69} INFO -   File "/usr/local/lib/python3.11/site-packages/dlt/pipeline/pipeline.py", line 231, in _wrap
[2026-07-28T08:43:03.254+0000] {docker.py:69} INFO -     step_info = f(self, *args, **kwargs)
[2026-07-28T08:43:03.255+0000] {docker.py:69} INFO -                 ^^^^^^^^^^^^^^^^^^^^^^^^
[2026-07-28T08:43:03.256+0000] {docker.py:69} INFO -   File "/usr/local/lib/python3.11/site-packages/dlt/pipeline/pipeline.py", line 279, in _wrap
[2026-07-28T08:43:03.257+0000] {docker.py:69} INFO -     return f(self, *args, **kwargs)
[2026-07-28T08:43:03.257+0000] {docker.py:69} INFO -            ^^^^^^^^^^^^^^^^^^^^^^^^
[2026-07-28T08:43:03.258+0000] {docker.py:69} INFO -   File "/usr/local/lib/python3.11/site-packages/dlt/pipeline/pipeline.py", line 777, in run
[2026-07-28T08:43:03.259+0000] {docker.py:69} INFO -     self.extract(
[2026-07-28T08:43:03.260+0000] {docker.py:69} INFO -   File "/usr/local/lib/python3.11/site-packages/dlt/pipeline/pipeline.py", line 231, in _wrap
[2026-07-28T08:43:03.260+0000] {docker.py:69} INFO -     step_info = f(self, *args, **kwargs)
[2026-07-28T08:43:03.261+0000] {docker.py:69} INFO -                 ^^^^^^^^^^^^^^^^^^^^^^^^
[2026-07-28T08:43:03.262+0000] {docker.py:69} INFO -   File "/usr/local/lib/python3.11/site-packages/dlt/pipeline/pipeline.py", line 170, in _wrap
[2026-07-28T08:43:03.262+0000] {docker.py:69} INFO -     return f(self, *args, **kwargs)
[2026-07-28T08:43:03.263+0000] {docker.py:69} INFO -            ^^^^^^^^^^^^^^^^^^^^^^^^
[2026-07-28T08:43:03.263+0000] {docker.py:69} INFO -   File "/usr/local/lib/python3.11/site-packages/dlt/pipeline/pipeline.py", line 184, in _wrap
[2026-07-28T08:43:03.264+0000] {docker.py:69} INFO -     rv = f(self, *args, **kwargs)
[2026-07-28T08:43:03.265+0000] {docker.py:69} INFO -          ^^^^^^^^^^^^^^^^^^^^^^^^
[2026-07-28T08:43:03.265+0000] {docker.py:69} INFO -   File "/usr/local/lib/python3.11/site-packages/dlt/pipeline/pipeline.py", line 279, in _wrap
[2026-07-28T08:43:03.266+0000] {docker.py:69} INFO -     return f(self, *args, **kwargs)
[2026-07-28T08:43:03.267+0000] {docker.py:69} INFO -            ^^^^^^^^^^^^^^^^^^^^^^^^
[2026-07-28T08:43:03.267+0000] {docker.py:69} INFO -   File "/usr/local/lib/python3.11/site-packages/dlt/pipeline/pipeline.py", line 523, in extract
[2026-07-28T08:43:03.268+0000] {docker.py:69} INFO -     raise PipelineStepFailed(
[2026-07-28T08:43:03.269+0000] {docker.py:69} INFO - dlt.pipeline.exceptions.PipelineStepFailed: Pipeline execution failed at `step=extract` when processing package with `load_id=1785228183.1985474` with exception:
[2026-07-28T08:43:03.270+0000] {docker.py:69} INFO - 
[2026-07-28T08:43:03.271+0000] {docker.py:69} INFO - <class 'dlt.extract.exceptions.ResourceExtractionError'>
[2026-07-28T08:43:03.272+0000] {docker.py:69} INFO - In processing pipe `customer`: extraction of resource `customer` in `generator` `read_customers` caused an exception: [Errno 2] No such file or directory: '../data/customer.csv'
[2026-07-28T08:43:03.954+0000] {taskinstance.py:3313} ERROR - Task failed with exception
Traceback (most recent call last):
  File "/home/airflow/.local/lib/python3.12/site-packages/airflow/models/taskinstance.py", line 768, in _execute_task
    result = _execute_callable(context=context, **execute_callable_kwargs)
             ^^^^^^^^^^^^^^^^^^^^^^^^^^^^^^^^^^^^^^^^^^^^^^^^^^^^^^^^^^^^^
  File "/home/airflow/.local/lib/python3.12/site-packages/airflow/models/taskinstance.py", line 734, in _execute_callable
    return ExecutionCallableRunner(
           ^^^^^^^^^^^^^^^^^^^^^^^^
  File "/home/airflow/.local/lib/python3.12/site-packages/airflow/utils/operator_helpers.py", line 252, in run
    return self.func(*args, **kwargs)
           ^^^^^^^^^^^^^^^^^^^^^^^^^^
  File "/home/airflow/.local/lib/python3.12/site-packages/airflow/models/baseoperator.py", line 424, in wrapper
    return func(self, *args, **kwargs)
           ^^^^^^^^^^^^^^^^^^^^^^^^^^^
  File "/home/airflow/.local/lib/python3.12/site-packages/airflow/providers/docker/operators/docker.py", line 485, in execute
    return self._run_image()
           ^^^^^^^^^^^^^^^^^
  File "/home/airflow/.local/lib/python3.12/site-packages/airflow/providers/docker/operators/docker.py", line 362, in _run_image
    return self._run_image_with_mounts(self.mounts, add_tmp_variable=False)
           ^^^^^^^^^^^^^^^^^^^^^^^^^^^^^^^^^^^^^^^^^^^^^^^^^^^^^^^^^^^^^^^^
  File "/home/airflow/.local/lib/python3.12/site-packages/airflow/providers/docker/operators/docker.py", line 419, in _run_image_with_mounts
    raise DockerContainerFailedException(f"Docker container failed: {result!r}", logs=log_lines)
airflow.providers.docker.exceptions.DockerContainerFailedException: Docker container failed: {'StatusCode': 1}
[2026-07-28T08:43:03.964+0000] {taskinstance.py:1226} INFO - Marking task as FAILED. dag_id=dlt_loading_dag, task_id=run_dlt_loading, run_id=manual__2026-07-28T08:42:58.532888+00:00, execution_date=20260728T084258, start_date=20260728T084259, end_date=20260728T084303
[2026-07-28T08:43:04.030+0000] {taskinstance.py:341} INFO - ::group::Post task execution logs
[2026-07-28T08:43:04.032+0000] {standard_task_runner.py:124} ERROR - Failed to execute job 2 for task run_dlt_loading (Docker container failed: {'StatusCode': 1}; 181)
Traceback (most recent call last):
  File "/home/airflow/.local/lib/python3.12/site-packages/airflow/task/task_runner/standard_task_runner.py", line 117, in _start_by_fork
    ret = args.func(args, dag=self.dag)
          ^^^^^^^^^^^^^^^^^^^^^^^^^^^^^
  File "/home/airflow/.local/lib/python3.12/site-packages/airflow/cli/cli_config.py", line 49, in command
    return func(*args, **kwargs)
           ^^^^^^^^^^^^^^^^^^^^^
  File "/home/airflow/.local/lib/python3.12/site-packages/airflow/utils/cli.py", line 116, in wrapper
    return f(*args, **kwargs)
           ^^^^^^^^^^^^^^^^^^
  File "/home/airflow/.local/lib/python3.12/site-packages/airflow/cli/commands/task_command.py", line 483, in task_run
    task_return_code = _run_task_by_selected_method(args, _dag, ti)
                       ^^^^^^^^^^^^^^^^^^^^^^^^^^^^^^^^^^^^^^^^^^^^
  File "/home/airflow/.local/lib/python3.12/site-packages/airflow/cli/commands/task_command.py", line 256, in _run_task_by_selected_method
    return _run_raw_task(args, ti)
           ^^^^^^^^^^^^^^^^^^^^^^^
  File "/home/airflow/.local/lib/python3.12/site-packages/airflow/cli/commands/task_command.py", line 341, in _run_raw_task
    return ti._run_raw_task(
           ^^^^^^^^^^^^^^^^^
  File "/home/airflow/.local/lib/python3.12/site-packages/airflow/utils/session.py", line 97, in wrapper
    return func(*args, session=session, **kwargs)
           ^^^^^^^^^^^^^^^^^^^^^^^^^^^^^^^^^^^^^^
  File "/home/airflow/.local/lib/python3.12/site-packages/airflow/models/taskinstance.py", line 3006, in _run_raw_task
    return _run_raw_task(
           ^^^^^^^^^^^^^^
  File "/home/airflow/.local/lib/python3.12/site-packages/airflow/models/taskinstance.py", line 274, in _run_raw_task
    TaskInstance._execute_task_with_callbacks(
  File "/home/airflow/.local/lib/python3.12/site-packages/airflow/models/taskinstance.py", line 3161, in _execute_task_with_callbacks
    result = self._execute_task(context, task_orig)
             ^^^^^^^^^^^^^^^^^^^^^^^^^^^^^^^^^^^^^^
  File "/home/airflow/.local/lib/python3.12/site-packages/airflow/models/taskinstance.py", line 3185, in _execute_task
    return _execute_task(self, context, task_orig)
           ^^^^^^^^^^^^^^^^^^^^^^^^^^^^^^^^^^^^^^^
  File "/home/airflow/.local/lib/python3.12/site-packages/airflow/models/taskinstance.py", line 768, in _execute_task
    result = _execute_callable(context=context, **execute_callable_kwargs)
             ^^^^^^^^^^^^^^^^^^^^^^^^^^^^^^^^^^^^^^^^^^^^^^^^^^^^^^^^^^^^^
  File "/home/airflow/.local/lib/python3.12/site-packages/airflow/models/taskinstance.py", line 734, in _execute_callable
    return ExecutionCallableRunner(
           ^^^^^^^^^^^^^^^^^^^^^^^^
  File "/home/airflow/.local/lib/python3.12/site-packages/airflow/utils/operator_helpers.py", line 252, in run
    return self.func(*args, **kwargs)
           ^^^^^^^^^^^^^^^^^^^^^^^^^^
  File "/home/airflow/.local/lib/python3.12/site-packages/airflow/models/baseoperator.py", line 424, in wrapper
    return func(self, *args, **kwargs)
           ^^^^^^^^^^^^^^^^^^^^^^^^^^^
  File "/home/airflow/.local/lib/python3.12/site-packages/airflow/providers/docker/operators/docker.py", line 485, in execute
    return self._run_image()
           ^^^^^^^^^^^^^^^^^
  File "/home/airflow/.local/lib/python3.12/site-packages/airflow/providers/docker/operators/docker.py", line 362, in _run_image
    return self._run_image_with_mounts(self.mounts, add_tmp_variable=False)
           ^^^^^^^^^^^^^^^^^^^^^^^^^^^^^^^^^^^^^^^^^^^^^^^^^^^^^^^^^^^^^^^^
  File "/home/airflow/.local/lib/python3.12/site-packages/airflow/providers/docker/operators/docker.py", line 419, in _run_image_with_mounts
    raise DockerContainerFailedException(f"Docker container failed: {result!r}", logs=log_lines)
airflow.providers.docker.exceptions.DockerContainerFailedException: Docker container failed: {'StatusCode': 1}
[2026-07-28T08:43:04.085+0000] {local_task_job_runner.py:266} INFO - Task exited with return code 1
[2026-07-28T08:43:04.128+0000] {taskinstance.py:3901} INFO - 0 downstream tasks scheduled from follow-on schedule check
[2026-07-28T08:43:04.141+0000] {local_task_job_runner.py:245} INFO - ::endgroup::
